Archive member included because of file (symbol)

startup/libea_startup_thumb.a(consol.o)
                              bt.o (consolGetChar)
startup/libea_startup_thumb.a(framework.o)
                              main.o (eaInit)
startup/libea_startup_thumb.a(startup.o)
                              (_startup)
irq_code/irqUart.a(irqUart.o)
                              uart.o (disIrq)
pre_emptive_os/pre_emptive_os.a(kernel.o)
                              main.o (osInit)
pre_emptive_os/pre_emptive_os.a(prioqueue.o)
                              pre_emptive_os/pre_emptive_os.a(kernel.o) (initPrioQueue)
pre_emptive_os/pre_emptive_os.a(count_sem.o)
                              uart.o (osSemInit)
pre_emptive_os/pre_emptive_os.a(timer.o)
                              pre_emptive_os/pre_emptive_os.a(kernel.o) (timerTick)
pre_emptive_os/pre_emptive_os.a(stack_usage.o)
                              pre_emptive_os/pre_emptive_os.a(kernel.o) (createStackPattern)
pre_emptive_os/pre_emptive_os.a(a7hal.o)
                              pre_emptive_os/pre_emptive_os.a(kernel.o) (stkFrameInit_oshal)
pre_emptive_os/pre_emptive_os.a(a7hal_a.o)
                              pre_emptive_os/pre_emptive_os.a(kernel.o) (startHighProc_oshal)
pre_emptive_os/pre_emptive_os.a(event.o)
                              pre_emptive_os/pre_emptive_os.a(count_sem.o) (eventInit)
/cygdrive/c/GNUARM/bin/../lib/gcc/arm-elf/4.1.1/interwork/libgcc.a(_udivsi3.o)
                              bt.o (__udivsi3)
/cygdrive/c/GNUARM/bin/../lib/gcc/arm-elf/4.1.1/interwork/libgcc.a(_divsi3.o)
                              snake.o (__divsi3)
/cygdrive/c/GNUARM/bin/../lib/gcc/arm-elf/4.1.1/interwork/libgcc.a(_umodsi3.o)
                              main.o (__umodsi3)
/cygdrive/c/GNUARM/bin/../lib/gcc/arm-elf/4.1.1/interwork/libgcc.a(_modsi3.o)
                              snake.o (__modsi3)
/cygdrive/c/GNUARM/bin/../lib/gcc/arm-elf/4.1.1/interwork/libgcc.a(_dvmd_tls.o)
                              /cygdrive/c/GNUARM/bin/../lib/gcc/arm-elf/4.1.1/interwork/libgcc.a(_udivsi3.o) (__div0)
/cygdrive/c/GNUARM/bin/../lib/gcc/arm-elf/4.1.1/interwork/libgcc.a(_call_via_rX.o)
                              pre_emptive_os/pre_emptive_os.a(timer.o) (_call_via_r4)
/cygdrive/c/GNUARM/bin/../lib/gcc/arm-elf/4.1.1/../../../../arm-elf/lib/interwork/libc.a(atoi.o)
                              startup/libea_startup_thumb.a(consol.o) (atoi)
/cygdrive/c/GNUARM/bin/../lib/gcc/arm-elf/4.1.1/../../../../arm-elf/lib/interwork/libc.a(memcmp.o)
                              bt.o (memcmp)
/cygdrive/c/GNUARM/bin/../lib/gcc/arm-elf/4.1.1/../../../../arm-elf/lib/interwork/libc.a(memcpy.o)
                              bt.o (memcpy)
/cygdrive/c/GNUARM/bin/../lib/gcc/arm-elf/4.1.1/../../../../arm-elf/lib/interwork/libc.a(rand.o)
                              snake.o (srand)
/cygdrive/c/GNUARM/bin/../lib/gcc/arm-elf/4.1.1/../../../../arm-elf/lib/interwork/libc.a(strchr.o)
                              bt.o (strchr)
/cygdrive/c/GNUARM/bin/../lib/gcc/arm-elf/4.1.1/../../../../arm-elf/lib/interwork/libc.a(strlen.o)
                              startup/libea_startup_thumb.a(consol.o) (strlen)
/cygdrive/c/GNUARM/bin/../lib/gcc/arm-elf/4.1.1/../../../../arm-elf/lib/interwork/libc.a(strtol.o)
                              /cygdrive/c/GNUARM/bin/../lib/gcc/arm-elf/4.1.1/../../../../arm-elf/lib/interwork/libc.a(atoi.o) (_strtol_r)
/cygdrive/c/GNUARM/bin/../lib/gcc/arm-elf/4.1.1/../../../../arm-elf/lib/interwork/libc.a(ctype_.o)
                              /cygdrive/c/GNUARM/bin/../lib/gcc/arm-elf/4.1.1/../../../../arm-elf/lib/interwork/libc.a(strtol.o) (__ctype_ptr)
/cygdrive/c/GNUARM/bin/../lib/gcc/arm-elf/4.1.1/../../../../arm-elf/lib/interwork/libc.a(impure.o)
                              /cygdrive/c/GNUARM/bin/../lib/gcc/arm-elf/4.1.1/../../../../arm-elf/lib/interwork/libc.a(rand.o) (_impure_ptr)

Allocating common symbols
Common symbol       size              file

snake               0x320             snake.o
uart1RxBuf          0x400             uart.o
receiveSem          0x1c              uart.o
ms                  0x4               main.o
ver1_1              0x1               main.o
pHeapEnd            0x4               startup/libea_startup_thumb.a(framework.o)
pHeapStart          0x4               startup/libea_startup_thumb.a(framework.o)
uart1TxBuf          0x100             uart.o
ver1_0              0x1               main.o
processControlBlocks
                    0xc8              pre_emptive_os/pre_emptive_os.a(kernel.o)

Discarded input sections

 .stabstr       0x00000000        0x0 startup/libea_startup_thumb.a(startup.o)
 .stabstr       0x00000000        0x0 pre_emptive_os/pre_emptive_os.a(a7hal_a.o)

Memory Configuration

Name             Origin             Length             Attributes
FLASH            0x00000000         0x00020000         xr
RAM              0x40000000         0x00004000         rw
*default*        0x00000000         0xffffffff

Linker script and memory map

LOAD main.o
LOAD lcd.o
LOAD key.o
LOAD select.o
LOAD uart.o
LOAD bt.o
LOAD snake.o
LOAD eeprom.o
LOAD i2c.o
LOAD hw.o
LOAD Arrow.o
LOAD Reflexes.o
LOAD startup/libea_startup_thumb.a
LOAD irq_code/irqUart.a
LOAD libm.a
LOAD pre_emptive_os/pre_emptive_os.a
START GROUP
LOAD /cygdrive/c/GNUARM/bin/../lib/gcc/arm-elf/4.1.1/interwork/libgcc.a
LOAD /cygdrive/c/GNUARM/bin/../lib/gcc/arm-elf/4.1.1/../../../../arm-elf/lib/interwork/libc.a
END GROUP

.text           0x00000000     0x5774
 *startup.o(.text)
 .text          0x00000000      0x1d8 startup/libea_startup_thumb.a(startup.o)
                0x00000000                _startup
 *(.text)
 .text          0x000001d8      0x36c main.o
                0x000001d8                appTick
                0x000001fc                main
 .text          0x00000544      0x570 lcd.o
                0x00000544                lcdColor
                0x00000710                lcdWindow
                0x00000950                lcdClrscr
                0x00000818                lcdRectBrd
                0x00000694                lcdPutchar
                0x0000092c                lcdContrast
                0x000009a4                lcdOff
                0x000009c0                lcdInit
                0x00000768                lcdIcon
                0x000005cc                lcdData
                0x00000558                lcdWrdata
                0x000008c8                lcdRect
                0x00000568                lcdWrcmd
                0x000006f8                lcdPuts
                0x00000740                lcdGotoxy
 .text          0x00000ab4      0x190 key.o
                0x00000ac4                checkKey2
                0x00000ad0                sampleKey
                0x00000ab4                checkKey
 .text          0x00000c44      0x160 select.o
                0x00000cb4                drawMenu
 .text          0x00000da4      0x280 uart.o
                0x00000e54                uart1SendChar
                0x00000ed8                uart1SendChars
                0x00000f1c                uart1SendString
                0x00000f00                uart1SendCh
                0x00000f34                initUart1
                0x00000e0c                uart1GetChSem
                0x00000da4                uart1GetChar
                0x00000e38                uart1GetCh
 .text          0x00001024     0x1138 bt.o
                0x0000159c                handleBt
                0x0000201c                initBtProc
                0x00001084                activateBtProc
                0x00001024                blockBtProc
 .text          0x0000215c      0x528 snake.o
                0x0000243c                playSnake
 .text          0x00002684      0x378 eeprom.o
                0x00002818                lm75Read
                0x00002724                pca9532
                0x00002898                eepromWrite
                0x000029a4                eepromPoll
                0x00002924                eepromPageRead
                0x00002684                eepromStartRead
 .text          0x000029fc      0x3e0 i2c.o
                0x00002bc0                i2cInit
                0x00002c34                getI2cLock
                0x00002c9c                i2cRead
                0x00002b38                i2cWriteWithWait
                0x00002a14                i2cStart
                0x00002a60                i2cStop
                0x000029fc                i2cCheckStatus
                0x00002ab4                i2cGetChar
                0x00002c50                i2cRepeatStart
                0x00002d3c                i2cWrite
                0x00002b0c                i2cWaitTransmit
                0x00002b68                i2cMyWrite
                0x00002a88                i2cPutChar
                0x00002c1c                releaseI2cLock
 .text          0x00002ddc      0x44c hw.o
                0x00002e40                sendToLCD
                0x00003080                resetBT
                0x00002ddc                setBuzzer
                0x00002ebc                initSpiForLcd
                0x0000316c                immediateIoInit
                0x000030fc                resetLCD
                0x00002fc4                setLED
                0x00002f14                getKeys
                0x00002e00                selectLCD
 .text          0x00003228       0xa0 Arrow.o
                0x000032a0                getUpArrow
                0x00003228                getLeftArrow
                0x00003278                getDownArrow
                0x00003250                getRightArrow
 .text          0x000032c8       0x7c Reflexes.o
                0x000032c8                initApp
 .text          0x00003344      0x680 startup/libea_startup_thumb.a(consol.o)
                0x00003800                consolGetIntNum
                0x0000343c                consolSendCh
                0x00003608                consolGetString
                0x000034ac                consolSendNumber
                0x000035c4                consolGetCh
                0x0000341c                consolSendChar
                0x00003680                simplePrintf
                0x00003480                consolSendString
                0x000038e0                consolScanf
                0x000035e4                consolGetChar
                0x000033c8                consolInit
 .text          0x000039c4      0x2bc startup/libea_startup_thumb.a(framework.o)
                0x00003aec                eaInit
                0x00003a3c                lowLevelInit
                0x000039c4                exceptionHandlerInit
 .text          0x00003c80      0x2bc irq_code/irqUart.a(irqUart.o)
                0x00003ca8                uart1ISR
                0x00003ca0                restoreIrq
                0x00003c80                disIrq
 .text          0x00003f3c      0x4f8 pre_emptive_os/pre_emptive_os.a(kernel.o)
                0x000042b8                osTick
                0x0000437c                rmvFromRdyList
                0x000040d8                osGetHighPrioProc
                0x00004398                osSuspend
                0x00003fec                osInit
                0x000043cc                osDeleteProcess
                0x00004018                osISREnter
                0x000040f4                schedule
                0x0000403c                osCreateProcess
                0x00004238                addToRdyList
                0x00003f88                addToTimeList
                0x0000424c                osResume
                0x00003f3c                osPid
                0x000043fc                osSleep
                0x00004160                osISRExit
                0x000041c8                osStart
                0x000041f4                rmvFromTimeList
                0x00004314                osStartProcess
 .text          0x00004434      0x124 pre_emptive_os/pre_emptive_os.a(prioqueue.o)
                0x00004434                initPrioQueue
                0x0000449c                rmvFromPrioQueue
                0x00004454                addToPrioQueue
                0x00004538                isEmptyPrioQueue
                0x00004500                getHighPrioQueue
 .text          0x00004558      0x144 pre_emptive_os/pre_emptive_os.a(count_sem.o)
                0x000045f8                osSemGive
                0x0000465c                osSemTryTake
                0x00004558                osSemInit
                0x0000456c                osSemTake
 .text          0x0000469c      0x218 pre_emptive_os/pre_emptive_os.a(timer.o)
                0x0000469c                timerTick
                0x00004810                osInitTimers
                0x000047ac                osDeleteTimer
                0x00004780                osCreateTimer
 .text          0x000048b4       0xa4 pre_emptive_os/pre_emptive_os.a(stack_usage.o)
                0x000048b4                osStackUsage
                0x000048f8                createStackPattern
                0x00004918                checkStackLimit
 .text          0x00004958      0x1ec pre_emptive_os/pre_emptive_os.a(a7hal.o)
                0x00004990                stkFrameInit_oshal
                0x00004958                timerIsr_oshal
                0x00004a70                halRestoreInterrupts_oshal
                0x00004a78                initTimer_oshal
                0x00004a60                halEnableInterrupts_oshal
                0x00004b10                handleIRQs_oshal
                0x00004a40                halDisableInterrupts_oshal
 .text          0x00004b44       0xc4 pre_emptive_os/pre_emptive_os.a(a7hal_a.o)
                0x00004b50                startHighProc_oshal
                0x00004b78                ctxSwitchIsr_oshal
                0x00004b58                ctxSwitch_oshal
                0x00004b98                generalIRQ_oshal
 .text          0x00004c08       0xd8 pre_emptive_os/pre_emptive_os.a(event.o)
                0x00004c18                eventWait
                0x00004c08                eventInit
                0x00004c80                eventIsEmpty
                0x00004c50                eventWaitReturn
                0x00004c90                eventSignal
 .text          0x00004ce0      0x114 /cygdrive/c/GNUARM/bin/../lib/gcc/arm-elf/4.1.1/interwork/libgcc.a(_udivsi3.o)
                0x00004ce0                __udivsi3
                0x00004ce0                __aeabi_uidiv
                0x00004ddc                __aeabi_uidivmod
 .text          0x00004df4      0x144 /cygdrive/c/GNUARM/bin/../lib/gcc/arm-elf/4.1.1/interwork/libgcc.a(_divsi3.o)
                0x00004df4                __aeabi_idiv
                0x00004df4                __divsi3
                0x00004f20                __aeabi_idivmod
 .text          0x00004f38       0xd0 /cygdrive/c/GNUARM/bin/../lib/gcc/arm-elf/4.1.1/interwork/libgcc.a(_umodsi3.o)
                0x00004f38                __umodsi3
 .text          0x00005008       0xe8 /cygdrive/c/GNUARM/bin/../lib/gcc/arm-elf/4.1.1/interwork/libgcc.a(_modsi3.o)
                0x00005008                __modsi3
 .text          0x000050f0        0x4 /cygdrive/c/GNUARM/bin/../lib/gcc/arm-elf/4.1.1/interwork/libgcc.a(_dvmd_tls.o)
                0x000050f0                __aeabi_ldiv0
                0x000050f0                __div0
                0x000050f0                __aeabi_idiv0
 .text          0x000050f4       0x3c /cygdrive/c/GNUARM/bin/../lib/gcc/arm-elf/4.1.1/interwork/libgcc.a(_call_via_rX.o)
                0x000050fc                _call_via_r2
                0x0000510c                _call_via_r6
                0x00005108                _call_via_r5
                0x00005100                _call_via_r3
                0x00005120                _call_via_fp
                0x00005114                _call_via_r8
                0x00005110                _call_via_r7
                0x000050f4                _call_via_r0
                0x0000511c                _call_via_sl
                0x00005128                _call_via_sp
                0x00005118                _call_via_r9
                0x00005104                _call_via_r4
                0x000050f8                _call_via_r1
                0x00005124                _call_via_ip
                0x0000512c                _call_via_lr
 .text          0x00005130       0x30 /cygdrive/c/GNUARM/bin/../lib/gcc/arm-elf/4.1.1/../../../../arm-elf/lib/interwork/libc.a(atoi.o)
                0x00005130                _atoi_r
                0x00005148                atoi
 .text          0x00005160       0x98 /cygdrive/c/GNUARM/bin/../lib/gcc/arm-elf/4.1.1/../../../../arm-elf/lib/interwork/libc.a(memcmp.o)
                0x00005160                memcmp
 .text          0x000051f8       0x9c /cygdrive/c/GNUARM/bin/../lib/gcc/arm-elf/4.1.1/../../../../arm-elf/lib/interwork/libc.a(memcpy.o)
                0x000051f8                memcpy
 .text          0x00005294       0x7c /cygdrive/c/GNUARM/bin/../lib/gcc/arm-elf/4.1.1/../../../../arm-elf/lib/interwork/libc.a(rand.o)
                0x000052b0                rand
                0x00005294                srand
 .text          0x00005310      0x118 /cygdrive/c/GNUARM/bin/../lib/gcc/arm-elf/4.1.1/../../../../arm-elf/lib/interwork/libc.a(strchr.o)
                0x00005310                strchr
 .text          0x00005428       0x90 /cygdrive/c/GNUARM/bin/../lib/gcc/arm-elf/4.1.1/../../../../arm-elf/lib/interwork/libc.a(strlen.o)
                0x00005428                strlen
 .text          0x000054b8      0x1f0 /cygdrive/c/GNUARM/bin/../lib/gcc/arm-elf/4.1.1/../../../../arm-elf/lib/interwork/libc.a(strtol.o)
                0x0000567c                strtol
                0x000054b8                _strtol_r
 .text          0x000056a8        0x0 /cygdrive/c/GNUARM/bin/../lib/gcc/arm-elf/4.1.1/../../../../arm-elf/lib/interwork/libc.a(ctype_.o)
 .text          0x000056a8        0x0 /cygdrive/c/GNUARM/bin/../lib/gcc/arm-elf/4.1.1/../../../../arm-elf/lib/interwork/libc.a(impure.o)
 *(.glue_7)
 .glue_7        0x000056a8        0x0 main.o
 .glue_7        0x000056a8        0x0 lcd.o
 .glue_7        0x000056a8        0x0 key.o
 .glue_7        0x000056a8        0x0 select.o
 .glue_7        0x000056a8        0x0 uart.o
 .glue_7        0x000056a8        0x0 bt.o
 .glue_7        0x000056a8        0x0 snake.o
 .glue_7        0x000056a8        0x0 eeprom.o
 .glue_7        0x000056a8        0x0 i2c.o
 .glue_7        0x000056a8        0x0 hw.o
 .glue_7        0x000056a8        0x0 Arrow.o
 .glue_7        0x000056a8        0x0 Reflexes.o
 .glue_7        0x000056a8        0x0 startup/libea_startup_thumb.a(consol.o)
 .glue_7        0x000056a8        0x0 startup/libea_startup_thumb.a(framework.o)
 .glue_7        0x000056a8        0x0 startup/libea_startup_thumb.a(startup.o)
 .glue_7        0x000056a8        0x0 irq_code/irqUart.a(irqUart.o)
 .glue_7        0x000056a8        0x0 pre_emptive_os/pre_emptive_os.a(kernel.o)
 .glue_7        0x000056a8        0x0 pre_emptive_os/pre_emptive_os.a(prioqueue.o)
 .glue_7        0x000056a8        0x0 pre_emptive_os/pre_emptive_os.a(count_sem.o)
 .glue_7        0x000056a8        0x0 pre_emptive_os/pre_emptive_os.a(timer.o)
 .glue_7        0x000056a8        0x0 pre_emptive_os/pre_emptive_os.a(stack_usage.o)
 .glue_7        0x000056a8        0x0 pre_emptive_os/pre_emptive_os.a(a7hal.o)
 .glue_7        0x000056a8        0x0 pre_emptive_os/pre_emptive_os.a(a7hal_a.o)
 .glue_7        0x000056a8        0x0 pre_emptive_os/pre_emptive_os.a(event.o)
 .glue_7        0x000056a8        0x0 /cygdrive/c/GNUARM/bin/../lib/gcc/arm-elf/4.1.1/interwork/libgcc.a(_udivsi3.o)
 .glue_7        0x000056a8        0x0 /cygdrive/c/GNUARM/bin/../lib/gcc/arm-elf/4.1.1/interwork/libgcc.a(_divsi3.o)
 .glue_7        0x000056a8        0x0 /cygdrive/c/GNUARM/bin/../lib/gcc/arm-elf/4.1.1/interwork/libgcc.a(_umodsi3.o)
 .glue_7        0x000056a8        0x0 /cygdrive/c/GNUARM/bin/../lib/gcc/arm-elf/4.1.1/interwork/libgcc.a(_modsi3.o)
 .glue_7        0x000056a8        0x0 /cygdrive/c/GNUARM/bin/../lib/gcc/arm-elf/4.1.1/interwork/libgcc.a(_dvmd_tls.o)
 .glue_7        0x000056a8        0x0 /cygdrive/c/GNUARM/bin/../lib/gcc/arm-elf/4.1.1/interwork/libgcc.a(_call_via_rX.o)
 .glue_7        0x000056a8        0x0 /cygdrive/c/GNUARM/bin/../lib/gcc/arm-elf/4.1.1/../../../../arm-elf/lib/interwork/libc.a(atoi.o)
 .glue_7        0x000056a8        0x0 /cygdrive/c/GNUARM/bin/../lib/gcc/arm-elf/4.1.1/../../../../arm-elf/lib/interwork/libc.a(memcmp.o)
 .glue_7        0x000056a8        0x0 /cygdrive/c/GNUARM/bin/../lib/gcc/arm-elf/4.1.1/../../../../arm-elf/lib/interwork/libc.a(memcpy.o)
 .glue_7        0x000056a8        0x0 /cygdrive/c/GNUARM/bin/../lib/gcc/arm-elf/4.1.1/../../../../arm-elf/lib/interwork/libc.a(rand.o)
 .glue_7        0x000056a8        0x0 /cygdrive/c/GNUARM/bin/../lib/gcc/arm-elf/4.1.1/../../../../arm-elf/lib/interwork/libc.a(strchr.o)
 .glue_7        0x000056a8        0x0 /cygdrive/c/GNUARM/bin/../lib/gcc/arm-elf/4.1.1/../../../../arm-elf/lib/interwork/libc.a(strlen.o)
 .glue_7        0x000056a8        0x0 /cygdrive/c/GNUARM/bin/../lib/gcc/arm-elf/4.1.1/../../../../arm-elf/lib/interwork/libc.a(strtol.o)
 .glue_7        0x000056a8        0x0 /cygdrive/c/GNUARM/bin/../lib/gcc/arm-elf/4.1.1/../../../../arm-elf/lib/interwork/libc.a(ctype_.o)
 .glue_7        0x000056a8       0x24 /cygdrive/c/GNUARM/bin/../lib/gcc/arm-elf/4.1.1/../../../../arm-elf/lib/interwork/libc.a(impure.o)
                0x000056c0                __osISRExit_from_arm
                0x000056b4                __osTick_from_arm
                0x000056a8                __osSemGive_from_arm
 *(.glue_7t)
 .glue_7t       0x000056cc        0x0 main.o
 .glue_7t       0x000056cc        0x0 lcd.o
 .glue_7t       0x000056cc        0x0 key.o
 .glue_7t       0x000056cc        0x0 select.o
 .glue_7t       0x000056cc        0x0 uart.o
 .glue_7t       0x000056cc        0x0 bt.o
 .glue_7t       0x000056cc        0x0 snake.o
 .glue_7t       0x000056cc        0x0 eeprom.o
 .glue_7t       0x000056cc        0x0 i2c.o
 .glue_7t       0x000056cc        0x0 hw.o
 .glue_7t       0x000056cc        0x0 Arrow.o
 .glue_7t       0x000056cc        0x0 Reflexes.o
 .glue_7t       0x000056cc        0x0 startup/libea_startup_thumb.a(consol.o)
 .glue_7t       0x000056cc        0x0 startup/libea_startup_thumb.a(framework.o)
 .glue_7t       0x000056cc        0x0 startup/libea_startup_thumb.a(startup.o)
 .glue_7t       0x000056cc        0x0 irq_code/irqUart.a(irqUart.o)
 .glue_7t       0x000056cc        0x0 pre_emptive_os/pre_emptive_os.a(kernel.o)
 .glue_7t       0x000056cc        0x0 pre_emptive_os/pre_emptive_os.a(prioqueue.o)
 .glue_7t       0x000056cc        0x0 pre_emptive_os/pre_emptive_os.a(count_sem.o)
 .glue_7t       0x000056cc        0x0 pre_emptive_os/pre_emptive_os.a(timer.o)
 .glue_7t       0x000056cc        0x0 pre_emptive_os/pre_emptive_os.a(stack_usage.o)
 .glue_7t       0x000056cc        0x0 pre_emptive_os/pre_emptive_os.a(a7hal.o)
 .glue_7t       0x000056cc        0x0 pre_emptive_os/pre_emptive_os.a(a7hal_a.o)
 .glue_7t       0x000056cc        0x0 pre_emptive_os/pre_emptive_os.a(event.o)
 .glue_7t       0x000056cc        0x0 /cygdrive/c/GNUARM/bin/../lib/gcc/arm-elf/4.1.1/interwork/libgcc.a(_udivsi3.o)
 .glue_7t       0x000056cc        0x0 /cygdrive/c/GNUARM/bin/../lib/gcc/arm-elf/4.1.1/interwork/libgcc.a(_divsi3.o)
 .glue_7t       0x000056cc        0x0 /cygdrive/c/GNUARM/bin/../lib/gcc/arm-elf/4.1.1/interwork/libgcc.a(_umodsi3.o)
 .glue_7t       0x000056cc        0x0 /cygdrive/c/GNUARM/bin/../lib/gcc/arm-elf/4.1.1/interwork/libgcc.a(_modsi3.o)
 .glue_7t       0x000056cc        0x0 /cygdrive/c/GNUARM/bin/../lib/gcc/arm-elf/4.1.1/interwork/libgcc.a(_dvmd_tls.o)
 .glue_7t       0x000056cc        0x0 /cygdrive/c/GNUARM/bin/../lib/gcc/arm-elf/4.1.1/interwork/libgcc.a(_call_via_rX.o)
 .glue_7t       0x000056cc        0x0 /cygdrive/c/GNUARM/bin/../lib/gcc/arm-elf/4.1.1/../../../../arm-elf/lib/interwork/libc.a(atoi.o)
 .glue_7t       0x000056cc        0x0 /cygdrive/c/GNUARM/bin/../lib/gcc/arm-elf/4.1.1/../../../../arm-elf/lib/interwork/libc.a(memcmp.o)
 .glue_7t       0x000056cc        0x0 /cygdrive/c/GNUARM/bin/../lib/gcc/arm-elf/4.1.1/../../../../arm-elf/lib/interwork/libc.a(memcpy.o)
 .glue_7t       0x000056cc        0x0 /cygdrive/c/GNUARM/bin/../lib/gcc/arm-elf/4.1.1/../../../../arm-elf/lib/interwork/libc.a(rand.o)
 .glue_7t       0x000056cc        0x0 /cygdrive/c/GNUARM/bin/../lib/gcc/arm-elf/4.1.1/../../../../arm-elf/lib/interwork/libc.a(strchr.o)
 .glue_7t       0x000056cc        0x0 /cygdrive/c/GNUARM/bin/../lib/gcc/arm-elf/4.1.1/../../../../arm-elf/lib/interwork/libc.a(strlen.o)
 .glue_7t       0x000056cc        0x0 /cygdrive/c/GNUARM/bin/../lib/gcc/arm-elf/4.1.1/../../../../arm-elf/lib/interwork/libc.a(strtol.o)
 .glue_7t       0x000056cc        0x0 /cygdrive/c/GNUARM/bin/../lib/gcc/arm-elf/4.1.1/../../../../arm-elf/lib/interwork/libc.a(ctype_.o)
 .glue_7t       0x000056cc       0xa8 /cygdrive/c/GNUARM/bin/../lib/gcc/arm-elf/4.1.1/../../../../arm-elf/lib/interwork/libc.a(impure.o)
                0x00005728                ____modsi3_change_to_arm
                0x00005744                __halRestoreInterrupts_oshal_from_thumb
                0x000056f0                __restoreIrq_change_to_arm
                0x00005708                __strchr_change_to_arm
                0x000056f4                __memcpy_from_thumb
                0x00005754                __ctxSwitch_oshal_from_thumb
                0x00005750                __stkFrameInit_oshal_change_to_arm
                0x00005734                __srand_from_thumb
                0x00005768                __initTimer_oshal_change_to_arm
                0x0000576c                __startHighProc_oshal_from_thumb
                0x000056d0                ____umodsi3_change_to_arm
                0x00005724                ____modsi3_from_thumb
                0x00005710                ____udivsi3_change_to_arm
                0x00005770                __startHighProc_oshal_change_to_arm
                0x0000575c                __ctxSwitchIsr_oshal_from_thumb
                0x00005704                __strchr_from_thumb
                0x000056e8                __disIrq_change_to_arm
                0x000056e4                __disIrq_from_thumb
                0x00005748                __halRestoreInterrupts_oshal_change_to_arm
                0x000056e0                __simplePrintf_change_to_arm
                0x00005738                __srand_change_to_arm
                0x000056cc                ____umodsi3_from_thumb
                0x0000571c                ____divsi3_from_thumb
                0x00005758                __ctxSwitch_oshal_change_to_arm
                0x0000574c                __stkFrameInit_oshal_from_thumb
                0x0000570c                ____udivsi3_from_thumb
                0x000056d4                __eaInit_from_thumb
                0x00005714                __consolGetChar_from_thumb
                0x000056dc                __simplePrintf_from_thumb
                0x00005764                __initTimer_oshal_from_thumb
                0x000056d8                __eaInit_change_to_arm
                0x00005718                __consolGetChar_change_to_arm
                0x00005760                __ctxSwitchIsr_oshal_change_to_arm
                0x0000572c                __rand_from_thumb
                0x000056fc                __memcmp_from_thumb
                0x00005700                __memcmp_change_to_arm
                0x00005740                __halDisableInterrupts_oshal_change_to_arm
                0x0000573c                __halDisableInterrupts_oshal_from_thumb
                0x000056ec                __restoreIrq_from_thumb
                0x000056f8                __memcpy_change_to_arm
                0x00005720                ____divsi3_change_to_arm
                0x00005730                __rand_change_to_arm
                0x00005774                . = ALIGN (0x4)

.rodata         0x00005774     0x306c
 *(.rodata)
 .rodata        0x00005774       0x28 main.o
 .rodata        0x0000579c      0x55c lcd.o
                0x0000579c                charMap
 .rodata        0x00005cf8       0x30 bt.o
 .rodata        0x00005d28       0x11 hw.o
 .rodata        0x00005d39     0x21e7 Arrow.o
                0x000065a9                _ArrowRight
                0x00005d39                _ArrowLeft
                0x00006e72                _ArrowUp
                0x000076ec                _ArrowDown
 .rodata        0x00007f20       0x10 startup/libea_startup_thumb.a(consol.o)
 .rodata        0x00007f30      0x101 /cygdrive/c/GNUARM/bin/../lib/gcc/arm-elf/4.1.1/../../../../arm-elf/lib/interwork/libc.a(ctype_.o)
                0x00007f30                _ctype_
 *fill*         0x00008031        0x3 00
 .rodata        0x00008034        0x4 /cygdrive/c/GNUARM/bin/../lib/gcc/arm-elf/4.1.1/../../../../arm-elf/lib/interwork/libc.a(impure.o)
                0x00008034                _global_impure_ptr
 *(.rodata*)
 .rodata.str1.4
                0x00008038      0x34b main.o
                                0x34c (size before relaxing)
 *fill*         0x00008383        0x1 00
 .rodata.str1.4
                0x00008384      0x32c bt.o
                                0x330 (size before relaxing)
 .rodata.str1.4
                0x000086b0       0x2d snake.o
                                 0x30 (size before relaxing)
 *fill*         0x000086dd        0x3 00
 .rodata.str1.4
                0x000086e0        0x9 Reflexes.o
                                  0xc (size before relaxing)
 *fill*         0x000086e9        0x3 00
 .rodata.str1.4
                0x000086ec       0x18 startup/libea_startup_thumb.a(consol.o)
 .rodata.str1.4
                0x00008704       0xd8 startup/libea_startup_thumb.a(framework.o)
 .rodata.str1.4
                0x000087dc        0x4 /cygdrive/c/GNUARM/bin/../lib/gcc/arm-elf/4.1.1/../../../../arm-elf/lib/interwork/libc.a(impure.o)
                0x000087e0                . = ALIGN (0x4)
                0x000087e0                _etext = .
                0x000087e0                PROVIDE (etext, .)

.data           0x40000080      0x410 load address 0x000087e0
                0x40000080                _data = .
 *(.data)
 .data          0x40000080        0x1 main.o
 .data          0x40000081        0x0 lcd.o
 .data          0x40000081        0x5 key.o
 .data          0x40000086        0x0 select.o
 .data          0x40000086        0x0 uart.o
 .data          0x40000086        0x0 bt.o
 .data          0x40000086        0x1 snake.o
 .data          0x40000087        0x0 eeprom.o
 .data          0x40000087        0x0 i2c.o
 .data          0x40000087        0x0 hw.o
 .data          0x40000087        0x0 Arrow.o
 .data          0x40000087        0x0 Reflexes.o
 .data          0x40000087        0x0 startup/libea_startup_thumb.a(consol.o)
 .data          0x40000087        0x0 startup/libea_startup_thumb.a(framework.o)
 .data          0x40000087        0x0 startup/libea_startup_thumb.a(startup.o)
 .data          0x40000087        0x0 irq_code/irqUart.a(irqUart.o)
 .data          0x40000087        0x0 pre_emptive_os/pre_emptive_os.a(kernel.o)
 .data          0x40000087        0x0 pre_emptive_os/pre_emptive_os.a(prioqueue.o)
 .data          0x40000087        0x0 pre_emptive_os/pre_emptive_os.a(count_sem.o)
 .data          0x40000087        0x0 pre_emptive_os/pre_emptive_os.a(timer.o)
 .data          0x40000087        0x0 pre_emptive_os/pre_emptive_os.a(stack_usage.o)
 .data          0x40000087        0x0 pre_emptive_os/pre_emptive_os.a(a7hal.o)
 .data          0x40000087        0x0 pre_emptive_os/pre_emptive_os.a(a7hal_a.o)
 .data          0x40000087        0x0 pre_emptive_os/pre_emptive_os.a(event.o)
 .data          0x40000087        0x0 /cygdrive/c/GNUARM/bin/../lib/gcc/arm-elf/4.1.1/interwork/libgcc.a(_udivsi3.o)
 .data          0x40000087        0x0 /cygdrive/c/GNUARM/bin/../lib/gcc/arm-elf/4.1.1/interwork/libgcc.a(_divsi3.o)
 .data          0x40000087        0x0 /cygdrive/c/GNUARM/bin/../lib/gcc/arm-elf/4.1.1/interwork/libgcc.a(_umodsi3.o)
 .data          0x40000087        0x0 /cygdrive/c/GNUARM/bin/../lib/gcc/arm-elf/4.1.1/interwork/libgcc.a(_modsi3.o)
 .data          0x40000087        0x0 /cygdrive/c/GNUARM/bin/../lib/gcc/arm-elf/4.1.1/interwork/libgcc.a(_dvmd_tls.o)
 .data          0x40000087        0x0 /cygdrive/c/GNUARM/bin/../lib/gcc/arm-elf/4.1.1/interwork/libgcc.a(_call_via_rX.o)
 .data          0x40000087        0x0 /cygdrive/c/GNUARM/bin/../lib/gcc/arm-elf/4.1.1/../../../../arm-elf/lib/interwork/libc.a(atoi.o)
 .data          0x40000087        0x0 /cygdrive/c/GNUARM/bin/../lib/gcc/arm-elf/4.1.1/../../../../arm-elf/lib/interwork/libc.a(memcmp.o)
 .data          0x40000087        0x0 /cygdrive/c/GNUARM/bin/../lib/gcc/arm-elf/4.1.1/../../../../arm-elf/lib/interwork/libc.a(memcpy.o)
 .data          0x40000087        0x0 /cygdrive/c/GNUARM/bin/../lib/gcc/arm-elf/4.1.1/../../../../arm-elf/lib/interwork/libc.a(rand.o)
 .data          0x40000087        0x0 /cygdrive/c/GNUARM/bin/../lib/gcc/arm-elf/4.1.1/../../../../arm-elf/lib/interwork/libc.a(strchr.o)
 .data          0x40000087        0x0 /cygdrive/c/GNUARM/bin/../lib/gcc/arm-elf/4.1.1/../../../../arm-elf/lib/interwork/libc.a(strlen.o)
 .data          0x40000087        0x0 /cygdrive/c/GNUARM/bin/../lib/gcc/arm-elf/4.1.1/../../../../arm-elf/lib/interwork/libc.a(strtol.o)
 *fill*         0x40000087        0x1 00
 .data          0x40000088        0x4 /cygdrive/c/GNUARM/bin/../lib/gcc/arm-elf/4.1.1/../../../../arm-elf/lib/interwork/libc.a(ctype_.o)
                0x40000088                __ctype_ptr
 .data          0x4000008c      0x404 /cygdrive/c/GNUARM/bin/../lib/gcc/arm-elf/4.1.1/../../../../arm-elf/lib/interwork/libc.a(impure.o)
                0x4000008c                _impure_ptr
                0x40000490                . = ALIGN (0x4)
                0x40000490                _edata = .
                0x40000490                PROVIDE (edata, .)

.bss            0x40000490     0x1908
                0x40000490                _bss = .
                0x40000490                __bss_start = .
                0x40000490                __bss_start__ = .
 *(.bss)
 .bss           0x40000490      0x57a main.o
 .bss           0x40000a0a        0x5 lcd.o
 .bss           0x40000a0f        0x7 key.o
 *fill*         0x40000a16        0x2 00
 .bss           0x40000a18       0x34 select.o
 .bss           0x40000a4c       0x18 uart.o
                0x40000a54                uart1TxRunning
                0x40000a4c                uart1TxHead
                0x40000a50                uart1TxTail
                0x40000a58                uart1RxHead
                0x40000a60                uart1RxInBuff
                0x40000a5c                uart1RxTail
 .bss           0x40000a64      0x404 bt.o
 .bss           0x40000e68      0x288 snake.o
 .bss           0x400010f0        0x0 eeprom.o
 .bss           0x400010f0       0x1c i2c.o
 .bss           0x4000110c        0x2 hw.o
 .bss           0x4000110e        0x0 Arrow.o
 .bss           0x4000110e        0x0 Reflexes.o
 .bss           0x4000110e        0x0 startup/libea_startup_thumb.a(consol.o)
 .bss           0x4000110e        0x0 startup/libea_startup_thumb.a(framework.o)
 .bss           0x4000110e        0x0 startup/libea_startup_thumb.a(startup.o)
 .bss           0x4000110e        0x0 irq_code/irqUart.a(irqUart.o)
 *fill*         0x4000110e        0x2 00
 .bss           0x40001110       0x2c pre_emptive_os/pre_emptive_os.a(kernel.o)
                0x40001110                osLockNesting
                0x40001114                pNxtToRun
                0x40001118                pRunProc
                0x40001111                isrNesting
 .bss           0x4000113c        0x0 pre_emptive_os/pre_emptive_os.a(prioqueue.o)
 .bss           0x4000113c        0x0 pre_emptive_os/pre_emptive_os.a(count_sem.o)
 .bss           0x4000113c      0x348 pre_emptive_os/pre_emptive_os.a(timer.o)
 .bss           0x40001484        0x0 pre_emptive_os/pre_emptive_os.a(stack_usage.o)
 .bss           0x40001484        0x0 pre_emptive_os/pre_emptive_os.a(a7hal.o)
 .bss           0x40001484        0x0 pre_emptive_os/pre_emptive_os.a(a7hal_a.o)
 .bss           0x40001484        0x0 pre_emptive_os/pre_emptive_os.a(event.o)
 .bss           0x40001484        0x0 /cygdrive/c/GNUARM/bin/../lib/gcc/arm-elf/4.1.1/interwork/libgcc.a(_udivsi3.o)
 .bss           0x40001484        0x0 /cygdrive/c/GNUARM/bin/../lib/gcc/arm-elf/4.1.1/interwork/libgcc.a(_divsi3.o)
 .bss           0x40001484        0x0 /cygdrive/c/GNUARM/bin/../lib/gcc/arm-elf/4.1.1/interwork/libgcc.a(_umodsi3.o)
 .bss           0x40001484        0x0 /cygdrive/c/GNUARM/bin/../lib/gcc/arm-elf/4.1.1/interwork/libgcc.a(_modsi3.o)
 .bss           0x40001484        0x0 /cygdrive/c/GNUARM/bin/../lib/gcc/arm-elf/4.1.1/interwork/libgcc.a(_dvmd_tls.o)
 .bss           0x40001484        0x0 /cygdrive/c/GNUARM/bin/../lib/gcc/arm-elf/4.1.1/interwork/libgcc.a(_call_via_rX.o)
 .bss           0x40001484        0x0 /cygdrive/c/GNUARM/bin/../lib/gcc/arm-elf/4.1.1/../../../../arm-elf/lib/interwork/libc.a(atoi.o)
 .bss           0x40001484        0x0 /cygdrive/c/GNUARM/bin/../lib/gcc/arm-elf/4.1.1/../../../../arm-elf/lib/interwork/libc.a(memcmp.o)
 .bss           0x40001484        0x0 /cygdrive/c/GNUARM/bin/../lib/gcc/arm-elf/4.1.1/../../../../arm-elf/lib/interwork/libc.a(memcpy.o)
 .bss           0x40001484        0x0 /cygdrive/c/GNUARM/bin/../lib/gcc/arm-elf/4.1.1/../../../../arm-elf/lib/interwork/libc.a(rand.o)
 .bss           0x40001484        0x0 /cygdrive/c/GNUARM/bin/../lib/gcc/arm-elf/4.1.1/../../../../arm-elf/lib/interwork/libc.a(strchr.o)
 .bss           0x40001484        0x0 /cygdrive/c/GNUARM/bin/../lib/gcc/arm-elf/4.1.1/../../../../arm-elf/lib/interwork/libc.a(strlen.o)
 .bss           0x40001484        0x0 /cygdrive/c/GNUARM/bin/../lib/gcc/arm-elf/4.1.1/../../../../arm-elf/lib/interwork/libc.a(strtol.o)
 .bss           0x40001484        0x0 /cygdrive/c/GNUARM/bin/../lib/gcc/arm-elf/4.1.1/../../../../arm-elf/lib/interwork/libc.a(ctype_.o)
 .bss           0x40001484        0x0 /cygdrive/c/GNUARM/bin/../lib/gcc/arm-elf/4.1.1/../../../../arm-elf/lib/interwork/libc.a(impure.o)
 *(COMMON)
 COMMON         0x40001484        0x6 main.o
                0x40001484                ms
                0x40001488                ver1_1
                0x40001489                ver1_0
 *fill*         0x4000148a        0x2 00
 COMMON         0x4000148c      0x51c uart.o
                0x4000148c                uart1RxBuf
                0x4000188c                receiveSem
                0x400018a8                uart1TxBuf
 COMMON         0x400019a8      0x320 snake.o
                0x400019a8                snake
 COMMON         0x40001cc8        0x8 startup/libea_startup_thumb.a(framework.o)
                0x40001cc8                pHeapEnd
                0x40001ccc                pHeapStart
 COMMON         0x40001cd0       0xc8 pre_emptive_os/pre_emptive_os.a(kernel.o)
                0x40001cd0                processControlBlocks
                0x40001d98                . = ALIGN (0x4)
                0x40001d98                . = ALIGN (0x4)
                0x40001d98                __bss_end = .
                0x40001d98                __bss_end__ = .
                0x40001d98                _end = .
                0x40001d98                PROVIDE (end, .)

.stab           0x00000000      0x600
 *(.stab)
 .stab          0x00000000      0x3c0 startup/libea_startup_thumb.a(startup.o)
 .stab          0x000003c0      0x240 pre_emptive_os/pre_emptive_os.a(a7hal_a.o)
                                0x24c (size before relaxing)

.stabstr        0x00000000       0x9a
 *(.stabstr)
 .stabstr       0x00000000       0x9a startup/libea_startup_thumb.a(startup.o)

.stab.excl
 *(.stab.excl)

.stab.exclstr
 *(.stab.exclstr)

.stab.index
 *(.stab.index)

.stab.indexstr
 *(.stab.indexstr)

.comment        0x00000000      0x22e
 *(.comment)
 .comment       0x00000000       0x12 main.o
 .comment       0x00000012       0x12 lcd.o
 .comment       0x00000024       0x12 key.o
 .comment       0x00000036       0x12 select.o
 .comment       0x00000048       0x12 uart.o
 .comment       0x0000005a       0x12 bt.o
 .comment       0x0000006c       0x12 snake.o
 .comment       0x0000007e       0x12 eeprom.o
 .comment       0x00000090       0x12 i2c.o
 .comment       0x000000a2       0x12 hw.o
 .comment       0x000000b4       0x12 Arrow.o
 .comment       0x000000c6       0x12 Reflexes.o
 .comment       0x000000d8       0x12 startup/libea_startup_thumb.a(consol.o)
 .comment       0x000000ea       0x12 startup/libea_startup_thumb.a(framework.o)
 .comment       0x000000fc       0x12 irq_code/irqUart.a(irqUart.o)
 .comment       0x0000010e       0x12 pre_emptive_os/pre_emptive_os.a(kernel.o)
 .comment       0x00000120       0x12 pre_emptive_os/pre_emptive_os.a(prioqueue.o)
 .comment       0x00000132       0x12 pre_emptive_os/pre_emptive_os.a(count_sem.o)
 .comment       0x00000144       0x12 pre_emptive_os/pre_emptive_os.a(timer.o)
 .comment       0x00000156       0x12 pre_emptive_os/pre_emptive_os.a(stack_usage.o)
 .comment       0x00000168       0x12 pre_emptive_os/pre_emptive_os.a(a7hal.o)
 .comment       0x0000017a       0x12 pre_emptive_os/pre_emptive_os.a(event.o)
 .comment       0x0000018c       0x12 /cygdrive/c/GNUARM/bin/../lib/gcc/arm-elf/4.1.1/../../../../arm-elf/lib/interwork/libc.a(atoi.o)
 .comment       0x0000019e       0x12 /cygdrive/c/GNUARM/bin/../lib/gcc/arm-elf/4.1.1/../../../../arm-elf/lib/interwork/libc.a(memcmp.o)
 .comment       0x000001b0       0x12 /cygdrive/c/GNUARM/bin/../lib/gcc/arm-elf/4.1.1/../../../../arm-elf/lib/interwork/libc.a(memcpy.o)
 .comment       0x000001c2       0x12 /cygdrive/c/GNUARM/bin/../lib/gcc/arm-elf/4.1.1/../../../../arm-elf/lib/interwork/libc.a(rand.o)
 .comment       0x000001d4       0x12 /cygdrive/c/GNUARM/bin/../lib/gcc/arm-elf/4.1.1/../../../../arm-elf/lib/interwork/libc.a(strchr.o)
 .comment       0x000001e6       0x12 /cygdrive/c/GNUARM/bin/../lib/gcc/arm-elf/4.1.1/../../../../arm-elf/lib/interwork/libc.a(strlen.o)
 .comment       0x000001f8       0x12 /cygdrive/c/GNUARM/bin/../lib/gcc/arm-elf/4.1.1/../../../../arm-elf/lib/interwork/libc.a(strtol.o)
 .comment       0x0000020a       0x12 /cygdrive/c/GNUARM/bin/../lib/gcc/arm-elf/4.1.1/../../../../arm-elf/lib/interwork/libc.a(ctype_.o)
 .comment       0x0000021c       0x12 /cygdrive/c/GNUARM/bin/../lib/gcc/arm-elf/4.1.1/../../../../arm-elf/lib/interwork/libc.a(impure.o)

.debug
 *(.debug)

.line
 *(.line)

.debug_srcinfo
 *(.debug_srcinfo)

.debug_sfnames
 *(.debug_sfnames)

.debug_aranges  0x00000000      0x460
 *(.debug_aranges)
 .debug_aranges
                0x00000000       0x20 main.o
 .debug_aranges
                0x00000020       0x20 lcd.o
 .debug_aranges
                0x00000040       0x20 key.o
 .debug_aranges
                0x00000060       0x20 select.o
 .debug_aranges
                0x00000080       0x20 uart.o
 .debug_aranges
                0x000000a0       0x20 bt.o
 .debug_aranges
                0x000000c0       0x20 snake.o
 .debug_aranges
                0x000000e0       0x20 eeprom.o
 .debug_aranges
                0x00000100       0x20 i2c.o
 .debug_aranges
                0x00000120       0x20 hw.o
 .debug_aranges
                0x00000140       0x20 Arrow.o
 .debug_aranges
                0x00000160       0x20 Reflexes.o
 .debug_aranges
                0x00000180       0x20 startup/libea_startup_thumb.a(consol.o)
 .debug_aranges
                0x000001a0       0x20 startup/libea_startup_thumb.a(framework.o)
 .debug_aranges
                0x000001c0       0x20 irq_code/irqUart.a(irqUart.o)
 .debug_aranges
                0x000001e0       0x20 pre_emptive_os/pre_emptive_os.a(kernel.o)
 .debug_aranges
                0x00000200       0x20 pre_emptive_os/pre_emptive_os.a(prioqueue.o)
 .debug_aranges
                0x00000220       0x20 pre_emptive_os/pre_emptive_os.a(count_sem.o)
 .debug_aranges
                0x00000240       0x20 pre_emptive_os/pre_emptive_os.a(timer.o)
 .debug_aranges
                0x00000260       0x20 pre_emptive_os/pre_emptive_os.a(stack_usage.o)
 .debug_aranges
                0x00000280       0x20 pre_emptive_os/pre_emptive_os.a(a7hal.o)
 .debug_aranges
                0x000002a0       0x20 pre_emptive_os/pre_emptive_os.a(event.o)
 .debug_aranges
                0x000002c0       0x20 /cygdrive/c/GNUARM/bin/../lib/gcc/arm-elf/4.1.1/interwork/libgcc.a(_udivsi3.o)
 .debug_aranges
                0x000002e0       0x20 /cygdrive/c/GNUARM/bin/../lib/gcc/arm-elf/4.1.1/interwork/libgcc.a(_divsi3.o)
 .debug_aranges
                0x00000300       0x20 /cygdrive/c/GNUARM/bin/../lib/gcc/arm-elf/4.1.1/interwork/libgcc.a(_umodsi3.o)
 .debug_aranges
                0x00000320       0x20 /cygdrive/c/GNUARM/bin/../lib/gcc/arm-elf/4.1.1/interwork/libgcc.a(_modsi3.o)
 .debug_aranges
                0x00000340       0x20 /cygdrive/c/GNUARM/bin/../lib/gcc/arm-elf/4.1.1/interwork/libgcc.a(_dvmd_tls.o)
 .debug_aranges
                0x00000360       0x20 /cygdrive/c/GNUARM/bin/../lib/gcc/arm-elf/4.1.1/interwork/libgcc.a(_call_via_rX.o)
 .debug_aranges
                0x00000380       0x20 /cygdrive/c/GNUARM/bin/../lib/gcc/arm-elf/4.1.1/../../../../arm-elf/lib/interwork/libc.a(atoi.o)
 .debug_aranges
                0x000003a0       0x20 /cygdrive/c/GNUARM/bin/../lib/gcc/arm-elf/4.1.1/../../../../arm-elf/lib/interwork/libc.a(memcmp.o)
 .debug_aranges
                0x000003c0       0x20 /cygdrive/c/GNUARM/bin/../lib/gcc/arm-elf/4.1.1/../../../../arm-elf/lib/interwork/libc.a(memcpy.o)
 .debug_aranges
                0x000003e0       0x20 /cygdrive/c/GNUARM/bin/../lib/gcc/arm-elf/4.1.1/../../../../arm-elf/lib/interwork/libc.a(rand.o)
 .debug_aranges
                0x00000400       0x20 /cygdrive/c/GNUARM/bin/../lib/gcc/arm-elf/4.1.1/../../../../arm-elf/lib/interwork/libc.a(strchr.o)
 .debug_aranges
                0x00000420       0x20 /cygdrive/c/GNUARM/bin/../lib/gcc/arm-elf/4.1.1/../../../../arm-elf/lib/interwork/libc.a(strlen.o)
 .debug_aranges
                0x00000440       0x20 /cygdrive/c/GNUARM/bin/../lib/gcc/arm-elf/4.1.1/../../../../arm-elf/lib/interwork/libc.a(strtol.o)

.debug_pubnames
                0x00000000      0xcf3
 *(.debug_pubnames)
 .debug_pubnames
                0x00000000       0x44 main.o
 .debug_pubnames
                0x00000044       0xfb lcd.o
 .debug_pubnames
                0x0000013f       0x51 key.o
 .debug_pubnames
                0x00000190       0x1f select.o
 .debug_pubnames
                0x000001af      0x12d uart.o
 .debug_pubnames
                0x000002dc       0x67 bt.o
 .debug_pubnames
                0x00000343       0x2a snake.o
 .debug_pubnames
                0x0000036d       0x71 eeprom.o
 .debug_pubnames
                0x000003de       0xee i2c.o
 .debug_pubnames
                0x000004cc       0xa8 hw.o
 .debug_pubnames
                0x00000574       0x90 Arrow.o
 .debug_pubnames
                0x00000604       0x1e Reflexes.o
 .debug_pubnames
                0x00000622       0xda startup/libea_startup_thumb.a(consol.o)
 .debug_pubnames
                0x000006fc       0x63 startup/libea_startup_thumb.a(framework.o)
 .debug_pubnames
                0x0000075f       0x39 irq_code/irqUart.a(irqUart.o)
 .debug_pubnames
                0x00000798      0x17f pre_emptive_os/pre_emptive_os.a(kernel.o)
 .debug_pubnames
                0x00000917       0x76 pre_emptive_os/pre_emptive_os.a(prioqueue.o)
 .debug_pubnames
                0x0000098d       0x4d pre_emptive_os/pre_emptive_os.a(count_sem.o)
 .debug_pubnames
                0x000009da       0x55 pre_emptive_os/pre_emptive_os.a(timer.o)
 .debug_pubnames
                0x00000a2f       0x4e pre_emptive_os/pre_emptive_os.a(stack_usage.o)
 .debug_pubnames
                0x00000a7d       0xc1 pre_emptive_os/pre_emptive_os.a(a7hal.o)
 .debug_pubnames
                0x00000b3e       0x63 pre_emptive_os/pre_emptive_os.a(event.o)
 .debug_pubnames
                0x00000ba1       0x27 /cygdrive/c/GNUARM/bin/../lib/gcc/arm-elf/4.1.1/../../../../arm-elf/lib/interwork/libc.a(atoi.o)
 .debug_pubnames
                0x00000bc8       0x1d /cygdrive/c/GNUARM/bin/../lib/gcc/arm-elf/4.1.1/../../../../arm-elf/lib/interwork/libc.a(memcmp.o)
 .debug_pubnames
                0x00000be5       0x1d /cygdrive/c/GNUARM/bin/../lib/gcc/arm-elf/4.1.1/../../../../arm-elf/lib/interwork/libc.a(memcpy.o)
 .debug_pubnames
                0x00000c02       0x25 /cygdrive/c/GNUARM/bin/../lib/gcc/arm-elf/4.1.1/../../../../arm-elf/lib/interwork/libc.a(rand.o)
 .debug_pubnames
                0x00000c27       0x1d /cygdrive/c/GNUARM/bin/../lib/gcc/arm-elf/4.1.1/../../../../arm-elf/lib/interwork/libc.a(strchr.o)
 .debug_pubnames
                0x00000c44       0x1d /cygdrive/c/GNUARM/bin/../lib/gcc/arm-elf/4.1.1/../../../../arm-elf/lib/interwork/libc.a(strlen.o)
 .debug_pubnames
                0x00000c61       0x2b /cygdrive/c/GNUARM/bin/../lib/gcc/arm-elf/4.1.1/../../../../arm-elf/lib/interwork/libc.a(strtol.o)
 .debug_pubnames
                0x00000c8c       0x2e /cygdrive/c/GNUARM/bin/../lib/gcc/arm-elf/4.1.1/../../../../arm-elf/lib/interwork/libc.a(ctype_.o)
 .debug_pubnames
                0x00000cba       0x39 /cygdrive/c/GNUARM/bin/../lib/gcc/arm-elf/4.1.1/../../../../arm-elf/lib/interwork/libc.a(impure.o)

.debug_info     0x00000000     0x7e59
 *(.debug_info .gnu.linkonce.wi.*)
 .debug_info    0x00000000      0x26b main.o
 .debug_info    0x0000026b      0x5c5 lcd.o
 .debug_info    0x00000830      0x1d6 key.o
 .debug_info    0x00000a06      0x203 select.o
 .debug_info    0x00000c09      0x499 uart.o
 .debug_info    0x000010a2      0xc68 bt.o
 .debug_info    0x00001d0a      0x3e0 snake.o
 .debug_info    0x000020ea      0x30f eeprom.o
 .debug_info    0x000023f9      0x648 i2c.o
 .debug_info    0x00002a41      0x2d7 hw.o
 .debug_info    0x00002d18      0x14b Arrow.o
 .debug_info    0x00002e63       0x91 Reflexes.o
 .debug_info    0x00002ef4      0x584 startup/libea_startup_thumb.a(consol.o)
 .debug_info    0x00003478      0x1e3 startup/libea_startup_thumb.a(framework.o)
 .debug_info    0x0000365b      0x35b irq_code/irqUart.a(irqUart.o)
 .debug_info    0x000039b6      0x5fe pre_emptive_os/pre_emptive_os.a(kernel.o)
 .debug_info    0x00003fb4      0x2e8 pre_emptive_os/pre_emptive_os.a(prioqueue.o)
 .debug_info    0x0000429c      0x32b pre_emptive_os/pre_emptive_os.a(count_sem.o)
 .debug_info    0x000045c7      0x4b8 pre_emptive_os/pre_emptive_os.a(timer.o)
 .debug_info    0x00004a7f      0x2cf pre_emptive_os/pre_emptive_os.a(stack_usage.o)
 .debug_info    0x00004d4e      0x189 pre_emptive_os/pre_emptive_os.a(a7hal.o)
 .debug_info    0x00004ed7      0x2ee pre_emptive_os/pre_emptive_os.a(event.o)
 .debug_info    0x000051c5       0x68 /cygdrive/c/GNUARM/bin/../lib/gcc/arm-elf/4.1.1/interwork/libgcc.a(_udivsi3.o)
 .debug_info    0x0000522d       0x68 /cygdrive/c/GNUARM/bin/../lib/gcc/arm-elf/4.1.1/interwork/libgcc.a(_divsi3.o)
 .debug_info    0x00005295       0x68 /cygdrive/c/GNUARM/bin/../lib/gcc/arm-elf/4.1.1/interwork/libgcc.a(_umodsi3.o)
 .debug_info    0x000052fd       0x68 /cygdrive/c/GNUARM/bin/../lib/gcc/arm-elf/4.1.1/interwork/libgcc.a(_modsi3.o)
 .debug_info    0x00005365       0x68 /cygdrive/c/GNUARM/bin/../lib/gcc/arm-elf/4.1.1/interwork/libgcc.a(_dvmd_tls.o)
 .debug_info    0x000053cd       0x68 /cygdrive/c/GNUARM/bin/../lib/gcc/arm-elf/4.1.1/interwork/libgcc.a(_call_via_rX.o)
 .debug_info    0x00005435      0x949 /cygdrive/c/GNUARM/bin/../lib/gcc/arm-elf/4.1.1/../../../../arm-elf/lib/interwork/libc.a(atoi.o)
 .debug_info    0x00005d7e      0x110 /cygdrive/c/GNUARM/bin/../lib/gcc/arm-elf/4.1.1/../../../../arm-elf/lib/interwork/libc.a(memcmp.o)
 .debug_info    0x00005e8e      0x10a /cygdrive/c/GNUARM/bin/../lib/gcc/arm-elf/4.1.1/../../../../arm-elf/lib/interwork/libc.a(memcpy.o)
 .debug_info    0x00005f98      0x934 /cygdrive/c/GNUARM/bin/../lib/gcc/arm-elf/4.1.1/../../../../arm-elf/lib/interwork/libc.a(rand.o)
 .debug_info    0x000068cc      0x10f /cygdrive/c/GNUARM/bin/../lib/gcc/arm-elf/4.1.1/../../../../arm-elf/lib/interwork/libc.a(strchr.o)
 .debug_info    0x000069db       0xd4 /cygdrive/c/GNUARM/bin/../lib/gcc/arm-elf/4.1.1/../../../../arm-elf/lib/interwork/libc.a(strlen.o)
 .debug_info    0x00006aaf      0xa0f /cygdrive/c/GNUARM/bin/../lib/gcc/arm-elf/4.1.1/../../../../arm-elf/lib/interwork/libc.a(strtol.o)
 .debug_info    0x000074be       0x79 /cygdrive/c/GNUARM/bin/../lib/gcc/arm-elf/4.1.1/../../../../arm-elf/lib/interwork/libc.a(ctype_.o)
 .debug_info    0x00007537      0x922 /cygdrive/c/GNUARM/bin/../lib/gcc/arm-elf/4.1.1/../../../../arm-elf/lib/interwork/libc.a(impure.o)

.debug_abbrev   0x00000000     0x2589
 *(.debug_abbrev)
 .debug_abbrev  0x00000000      0x183 main.o
 .debug_abbrev  0x00000183      0x1bf lcd.o
 .debug_abbrev  0x00000342       0xce key.o
 .debug_abbrev  0x00000410       0xe5 select.o
 .debug_abbrev  0x000004f5      0x132 uart.o
 .debug_abbrev  0x00000627      0x278 bt.o
 .debug_abbrev  0x0000089f      0x199 snake.o
 .debug_abbrev  0x00000a38       0xfd eeprom.o
 .debug_abbrev  0x00000b35      0x1fa i2c.o
 .debug_abbrev  0x00000d2f      0x13c hw.o
 .debug_abbrev  0x00000e6b       0x69 Arrow.o
 .debug_abbrev  0x00000ed4       0x64 Reflexes.o
 .debug_abbrev  0x00000f38      0x2a4 startup/libea_startup_thumb.a(consol.o)
 .debug_abbrev  0x000011dc       0xbb startup/libea_startup_thumb.a(framework.o)
 .debug_abbrev  0x00001297      0x13e irq_code/irqUart.a(irqUart.o)
 .debug_abbrev  0x000013d5      0x1b8 pre_emptive_os/pre_emptive_os.a(kernel.o)
 .debug_abbrev  0x0000158d      0x11e pre_emptive_os/pre_emptive_os.a(prioqueue.o)
 .debug_abbrev  0x000016ab      0x101 pre_emptive_os/pre_emptive_os.a(count_sem.o)
 .debug_abbrev  0x000017ac      0x154 pre_emptive_os/pre_emptive_os.a(timer.o)
 .debug_abbrev  0x00001900      0x170 pre_emptive_os/pre_emptive_os.a(stack_usage.o)
 .debug_abbrev  0x00001a70       0xf2 pre_emptive_os/pre_emptive_os.a(a7hal.o)
 .debug_abbrev  0x00001b62      0x103 pre_emptive_os/pre_emptive_os.a(event.o)
 .debug_abbrev  0x00001c65       0x14 /cygdrive/c/GNUARM/bin/../lib/gcc/arm-elf/4.1.1/interwork/libgcc.a(_udivsi3.o)
 .debug_abbrev  0x00001c79       0x14 /cygdrive/c/GNUARM/bin/../lib/gcc/arm-elf/4.1.1/interwork/libgcc.a(_divsi3.o)
 .debug_abbrev  0x00001c8d       0x14 /cygdrive/c/GNUARM/bin/../lib/gcc/arm-elf/4.1.1/interwork/libgcc.a(_umodsi3.o)
 .debug_abbrev  0x00001ca1       0x14 /cygdrive/c/GNUARM/bin/../lib/gcc/arm-elf/4.1.1/interwork/libgcc.a(_modsi3.o)
 .debug_abbrev  0x00001cb5       0x14 /cygdrive/c/GNUARM/bin/../lib/gcc/arm-elf/4.1.1/interwork/libgcc.a(_dvmd_tls.o)
 .debug_abbrev  0x00001cc9       0x14 /cygdrive/c/GNUARM/bin/../lib/gcc/arm-elf/4.1.1/interwork/libgcc.a(_call_via_rX.o)
 .debug_abbrev  0x00001cdd      0x176 /cygdrive/c/GNUARM/bin/../lib/gcc/arm-elf/4.1.1/../../../../arm-elf/lib/interwork/libc.a(atoi.o)
 .debug_abbrev  0x00001e53       0x7c /cygdrive/c/GNUARM/bin/../lib/gcc/arm-elf/4.1.1/../../../../arm-elf/lib/interwork/libc.a(memcmp.o)
 .debug_abbrev  0x00001ecf       0xa6 /cygdrive/c/GNUARM/bin/../lib/gcc/arm-elf/4.1.1/../../../../arm-elf/lib/interwork/libc.a(memcpy.o)
 .debug_abbrev  0x00001f75      0x185 /cygdrive/c/GNUARM/bin/../lib/gcc/arm-elf/4.1.1/../../../../arm-elf/lib/interwork/libc.a(rand.o)
 .debug_abbrev  0x000020fa       0x9e /cygdrive/c/GNUARM/bin/../lib/gcc/arm-elf/4.1.1/../../../../arm-elf/lib/interwork/libc.a(strchr.o)
 .debug_abbrev  0x00002198       0x8b /cygdrive/c/GNUARM/bin/../lib/gcc/arm-elf/4.1.1/../../../../arm-elf/lib/interwork/libc.a(strlen.o)
 .debug_abbrev  0x00002223      0x1bd /cygdrive/c/GNUARM/bin/../lib/gcc/arm-elf/4.1.1/../../../../arm-elf/lib/interwork/libc.a(strtol.o)
 .debug_abbrev  0x000023e0       0x52 /cygdrive/c/GNUARM/bin/../lib/gcc/arm-elf/4.1.1/../../../../arm-elf/lib/interwork/libc.a(ctype_.o)
 .debug_abbrev  0x00002432      0x157 /cygdrive/c/GNUARM/bin/../lib/gcc/arm-elf/4.1.1/../../../../arm-elf/lib/interwork/libc.a(impure.o)

.debug_line     0x00000000     0x2181
 *(.debug_line)
 .debug_line    0x00000000       0xff main.o
 .debug_line    0x000000ff      0x18b lcd.o
 .debug_line    0x0000028a       0xb2 key.o
 .debug_line    0x0000033c       0xa6 select.o
 .debug_line    0x000003e2      0x112 uart.o
 .debug_line    0x000004f4      0x374 bt.o
 .debug_line    0x00000868      0x140 snake.o
 .debug_line    0x000009a8      0x135 eeprom.o
 .debug_line    0x00000add      0x162 i2c.o
 .debug_line    0x00000c3f      0x12f hw.o
 .debug_line    0x00000d6e       0x83 Arrow.o
 .debug_line    0x00000df1       0x7b Reflexes.o
 .debug_line    0x00000e6c      0x18a startup/libea_startup_thumb.a(consol.o)
 .debug_line    0x00000ff6       0xb3 startup/libea_startup_thumb.a(framework.o)
 .debug_line    0x000010a9       0xd2 irq_code/irqUart.a(irqUart.o)
 .debug_line    0x0000117b      0x177 pre_emptive_os/pre_emptive_os.a(kernel.o)
 .debug_line    0x000012f2       0xbb pre_emptive_os/pre_emptive_os.a(prioqueue.o)
 .debug_line    0x000013ad       0xd9 pre_emptive_os/pre_emptive_os.a(count_sem.o)
 .debug_line    0x00001486      0x109 pre_emptive_os/pre_emptive_os.a(timer.o)
 .debug_line    0x0000158f       0x97 pre_emptive_os/pre_emptive_os.a(stack_usage.o)
 .debug_line    0x00001626       0x8c pre_emptive_os/pre_emptive_os.a(a7hal.o)
 .debug_line    0x000016b2       0xaf pre_emptive_os/pre_emptive_os.a(event.o)
 .debug_line    0x00001761       0x84 /cygdrive/c/GNUARM/bin/../lib/gcc/arm-elf/4.1.1/interwork/libgcc.a(_udivsi3.o)
 .debug_line    0x000017e5       0x90 /cygdrive/c/GNUARM/bin/../lib/gcc/arm-elf/4.1.1/interwork/libgcc.a(_divsi3.o)
 .debug_line    0x00001875       0x6e /cygdrive/c/GNUARM/bin/../lib/gcc/arm-elf/4.1.1/interwork/libgcc.a(_umodsi3.o)
 .debug_line    0x000018e3       0x74 /cygdrive/c/GNUARM/bin/../lib/gcc/arm-elf/4.1.1/interwork/libgcc.a(_modsi3.o)
 .debug_line    0x00001957       0x5d /cygdrive/c/GNUARM/bin/../lib/gcc/arm-elf/4.1.1/interwork/libgcc.a(_dvmd_tls.o)
 .debug_line    0x000019b4       0x6b /cygdrive/c/GNUARM/bin/../lib/gcc/arm-elf/4.1.1/interwork/libgcc.a(_call_via_rX.o)
 .debug_line    0x00001a1f       0xf9 /cygdrive/c/GNUARM/bin/../lib/gcc/arm-elf/4.1.1/../../../../arm-elf/lib/interwork/libc.a(atoi.o)
 .debug_line    0x00001b18       0xc7 /cygdrive/c/GNUARM/bin/../lib/gcc/arm-elf/4.1.1/../../../../arm-elf/lib/interwork/libc.a(memcmp.o)
 .debug_line    0x00001bdf       0xc8 /cygdrive/c/GNUARM/bin/../lib/gcc/arm-elf/4.1.1/../../../../arm-elf/lib/interwork/libc.a(memcpy.o)
 .debug_line    0x00001ca7       0xf9 /cygdrive/c/GNUARM/bin/../lib/gcc/arm-elf/4.1.1/../../../../arm-elf/lib/interwork/libc.a(rand.o)
 .debug_line    0x00001da0       0x81 /cygdrive/c/GNUARM/bin/../lib/gcc/arm-elf/4.1.1/../../../../arm-elf/lib/interwork/libc.a(strchr.o)
 .debug_line    0x00001e21       0xaf /cygdrive/c/GNUARM/bin/../lib/gcc/arm-elf/4.1.1/../../../../arm-elf/lib/interwork/libc.a(strlen.o)
 .debug_line    0x00001ed0      0x173 /cygdrive/c/GNUARM/bin/../lib/gcc/arm-elf/4.1.1/../../../../arm-elf/lib/interwork/libc.a(strtol.o)
 .debug_line    0x00002043       0x5b /cygdrive/c/GNUARM/bin/../lib/gcc/arm-elf/4.1.1/../../../../arm-elf/lib/interwork/libc.a(ctype_.o)
 .debug_line    0x0000209e       0xe3 /cygdrive/c/GNUARM/bin/../lib/gcc/arm-elf/4.1.1/../../../../arm-elf/lib/interwork/libc.a(impure.o)

.debug_frame    0x00000000     0x137c
 *(.debug_frame)
 .debug_frame   0x00000000       0xb0 main.o
 .debug_frame   0x000000b0      0x1b8 lcd.o
 .debug_frame   0x00000268       0x4c key.o
 .debug_frame   0x000002b4       0x54 select.o
 .debug_frame   0x00000308       0xe8 uart.o
 .debug_frame   0x000003f0      0x19c bt.o
 .debug_frame   0x0000058c       0x98 snake.o
 .debug_frame   0x00000624       0xc4 eeprom.o
 .debug_frame   0x000006e8      0x140 i2c.o
 .debug_frame   0x00000828       0xf8 hw.o
 .debug_frame   0x00000920       0x70 Arrow.o
 .debug_frame   0x00000990       0x28 Reflexes.o
 .debug_frame   0x000009b8      0x150 startup/libea_startup_thumb.a(consol.o)
 .debug_frame   0x00000b08       0xd8 startup/libea_startup_thumb.a(framework.o)
 .debug_frame   0x00000be0       0x4c irq_code/irqUart.a(irqUart.o)
 .debug_frame   0x00000c2c      0x1e8 pre_emptive_os/pre_emptive_os.a(kernel.o)
 .debug_frame   0x00000e14       0x8c pre_emptive_os/pre_emptive_os.a(prioqueue.o)
 .debug_frame   0x00000ea0       0x84 pre_emptive_os/pre_emptive_os.a(count_sem.o)
 .debug_frame   0x00000f24       0xb8 pre_emptive_os/pre_emptive_os.a(timer.o)
 .debug_frame   0x00000fdc       0x58 pre_emptive_os/pre_emptive_os.a(stack_usage.o)
 .debug_frame   0x00001034       0xa0 pre_emptive_os/pre_emptive_os.a(a7hal.o)
 .debug_frame   0x000010d4       0x94 pre_emptive_os/pre_emptive_os.a(event.o)
 .debug_frame   0x00001168       0x2c /cygdrive/c/GNUARM/bin/../lib/gcc/arm-elf/4.1.1/interwork/libgcc.a(_udivsi3.o)
 .debug_frame   0x00001194       0x2c /cygdrive/c/GNUARM/bin/../lib/gcc/arm-elf/4.1.1/interwork/libgcc.a(_divsi3.o)
 .debug_frame   0x000011c0       0x2c /cygdrive/c/GNUARM/bin/../lib/gcc/arm-elf/4.1.1/interwork/libgcc.a(_umodsi3.o)
 .debug_frame   0x000011ec       0x2c /cygdrive/c/GNUARM/bin/../lib/gcc/arm-elf/4.1.1/interwork/libgcc.a(_modsi3.o)
 .debug_frame   0x00001218       0x40 /cygdrive/c/GNUARM/bin/../lib/gcc/arm-elf/4.1.1/../../../../arm-elf/lib/interwork/libc.a(atoi.o)
 .debug_frame   0x00001258       0x28 /cygdrive/c/GNUARM/bin/../lib/gcc/arm-elf/4.1.1/../../../../arm-elf/lib/interwork/libc.a(memcmp.o)
 .debug_frame   0x00001280       0x28 /cygdrive/c/GNUARM/bin/../lib/gcc/arm-elf/4.1.1/../../../../arm-elf/lib/interwork/libc.a(memcpy.o)
 .debug_frame   0x000012a8       0x3c /cygdrive/c/GNUARM/bin/../lib/gcc/arm-elf/4.1.1/../../../../arm-elf/lib/interwork/libc.a(rand.o)
 .debug_frame   0x000012e4       0x28 /cygdrive/c/GNUARM/bin/../lib/gcc/arm-elf/4.1.1/../../../../arm-elf/lib/interwork/libc.a(strchr.o)
 .debug_frame   0x0000130c       0x20 /cygdrive/c/GNUARM/bin/../lib/gcc/arm-elf/4.1.1/../../../../arm-elf/lib/interwork/libc.a(strlen.o)
 .debug_frame   0x0000132c       0x50 /cygdrive/c/GNUARM/bin/../lib/gcc/arm-elf/4.1.1/../../../../arm-elf/lib/interwork/libc.a(strtol.o)

.debug_str      0x00000000     0x1b62
 *(.debug_str)
 .debug_str     0x00000000       0xf1 main.o
                                0x11c (size before relaxing)
 .debug_str     0x000000f1      0x142 lcd.o
                                0x1ea (size before relaxing)
 .debug_str     0x00000233       0xd6 key.o
                                0x16f (size before relaxing)
 .debug_str     0x00000309       0xbd select.o
                                0x18b (size before relaxing)
 .debug_str     0x000003c6      0x219 uart.o
                                0x2c9 (size before relaxing)
 .debug_str     0x000005df      0x20e bt.o
                                0x48e (size before relaxing)
 .debug_str     0x000007ed       0x9c snake.o
                                0x212 (size before relaxing)
 .debug_str     0x00000889       0x87 eeprom.o
                                0x110 (size before relaxing)
 .debug_str     0x00000910       0xb1 i2c.o
                                0x25a (size before relaxing)
 .debug_str     0x000009c1       0xf7 hw.o
                                0x19e (size before relaxing)
 .debug_str     0x00000ab8       0x66 Arrow.o
                                 0xeb (size before relaxing)
 .debug_str     0x00000b1e       0x1c Reflexes.o
                                 0xa1 (size before relaxing)
 .debug_str     0x00000b3a      0x17e startup/libea_startup_thumb.a(consol.o)
                                0x23e (size before relaxing)
 .debug_str     0x00000cb8       0xdd startup/libea_startup_thumb.a(framework.o)
                                0x13a (size before relaxing)
 .debug_str     0x00000d95       0x84 irq_code/irqUart.a(irqUart.o)
                                0x265 (size before relaxing)
 .debug_str     0x00000e19      0x22c pre_emptive_os/pre_emptive_os.a(kernel.o)
                                0x359 (size before relaxing)
 .debug_str     0x00001045       0x7d pre_emptive_os/pre_emptive_os.a(prioqueue.o)
                                0x241 (size before relaxing)
 .debug_str     0x000010c2       0x51 pre_emptive_os/pre_emptive_os.a(count_sem.o)
                                0x256 (size before relaxing)
 .debug_str     0x00001113       0xe2 pre_emptive_os/pre_emptive_os.a(timer.o)
                                0x2f2 (size before relaxing)
 .debug_str     0x000011f5       0x70 pre_emptive_os/pre_emptive_os.a(stack_usage.o)
                                0x226 (size before relaxing)
 .debug_str     0x00001265      0x153 pre_emptive_os/pre_emptive_os.a(a7hal.o)
                                0x1d8 (size before relaxing)
 .debug_str     0x000013b8       0x51 pre_emptive_os/pre_emptive_os.a(event.o)
                                0x260 (size before relaxing)
 .debug_str     0x00001409      0x409 /cygdrive/c/GNUARM/bin/../lib/gcc/arm-elf/4.1.1/../../../../arm-elf/lib/interwork/libc.a(atoi.o)
                                0x49e (size before relaxing)
 .debug_str     0x00001812       0x83 /cygdrive/c/GNUARM/bin/../lib/gcc/arm-elf/4.1.1/../../../../arm-elf/lib/interwork/libc.a(memcmp.o)
                                0x10c (size before relaxing)
 .debug_str     0x00001895       0x6a /cygdrive/c/GNUARM/bin/../lib/gcc/arm-elf/4.1.1/../../../../arm-elf/lib/interwork/libc.a(memcpy.o)
                                 0xd6 (size before relaxing)
 .debug_str     0x000018ff       0x40 /cygdrive/c/GNUARM/bin/../lib/gcc/arm-elf/4.1.1/../../../../arm-elf/lib/interwork/libc.a(rand.o)
                                0x4ad (size before relaxing)
 .debug_str     0x0000193f       0x55 /cygdrive/c/GNUARM/bin/../lib/gcc/arm-elf/4.1.1/../../../../arm-elf/lib/interwork/libc.a(strchr.o)
                                0x117 (size before relaxing)
 .debug_str     0x00001994       0x49 /cygdrive/c/GNUARM/bin/../lib/gcc/arm-elf/4.1.1/../../../../arm-elf/lib/interwork/libc.a(strlen.o)
                                0x11f (size before relaxing)
 .debug_str     0x000019dd       0x78 /cygdrive/c/GNUARM/bin/../lib/gcc/arm-elf/4.1.1/../../../../arm-elf/lib/interwork/libc.a(strtol.o)
                                0x4e0 (size before relaxing)
 .debug_str     0x00001a55       0x7b /cygdrive/c/GNUARM/bin/../lib/gcc/arm-elf/4.1.1/../../../../arm-elf/lib/interwork/libc.a(ctype_.o)
                                 0xaa (size before relaxing)
 .debug_str     0x00001ad0       0x92 /cygdrive/c/GNUARM/bin/../lib/gcc/arm-elf/4.1.1/../../../../arm-elf/lib/interwork/libc.a(impure.o)
                                0x4bc (size before relaxing)

.debug_loc      0x00000000     0x3136
 *(.debug_loc)
 .debug_loc     0x00000000      0x1be main.o
 .debug_loc     0x000001be      0x783 lcd.o
 .debug_loc     0x00000941       0x3d key.o
 .debug_loc     0x0000097e       0x9d select.o
 .debug_loc     0x00000a1b      0x274 uart.o
 .debug_loc     0x00000c8f      0x818 bt.o
 .debug_loc     0x000014a7      0x2b0 snake.o
 .debug_loc     0x00001757      0x451 eeprom.o
 .debug_loc     0x00001ba8      0x47b i2c.o
 .debug_loc     0x00002023      0x21b hw.o
 .debug_loc     0x0000223e       0xac Arrow.o
 .debug_loc     0x000022ea       0x6a Reflexes.o
 .debug_loc     0x00002354      0x5ee startup/libea_startup_thumb.a(consol.o)
 .debug_loc     0x00002942      0x193 startup/libea_startup_thumb.a(framework.o)
 .debug_loc     0x00002ad5       0x8a irq_code/irqUart.a(irqUart.o)
 .debug_loc     0x00002b5f       0x77 /cygdrive/c/GNUARM/bin/../lib/gcc/arm-elf/4.1.1/../../../../arm-elf/lib/interwork/libc.a(atoi.o)
 .debug_loc     0x00002bd6      0x13e /cygdrive/c/GNUARM/bin/../lib/gcc/arm-elf/4.1.1/../../../../arm-elf/lib/interwork/libc.a(memcmp.o)
 .debug_loc     0x00002d14       0xfc /cygdrive/c/GNUARM/bin/../lib/gcc/arm-elf/4.1.1/../../../../arm-elf/lib/interwork/libc.a(memcpy.o)
 .debug_loc     0x00002e10       0x1f /cygdrive/c/GNUARM/bin/../lib/gcc/arm-elf/4.1.1/../../../../arm-elf/lib/interwork/libc.a(rand.o)
 .debug_loc     0x00002e2f       0xb5 /cygdrive/c/GNUARM/bin/../lib/gcc/arm-elf/4.1.1/../../../../arm-elf/lib/interwork/libc.a(strchr.o)
 .debug_loc     0x00002ee4       0x47 /cygdrive/c/GNUARM/bin/../lib/gcc/arm-elf/4.1.1/../../../../arm-elf/lib/interwork/libc.a(strlen.o)
 .debug_loc     0x00002f2b      0x20b /cygdrive/c/GNUARM/bin/../lib/gcc/arm-elf/4.1.1/../../../../arm-elf/lib/interwork/libc.a(strtol.o)

.debug_macinfo
 *(.debug_macinfo)

.debug_weaknames
 *(.debug_weaknames)

.debug_funcnames
 *(.debug_funcnames)

.debug_typenames
 *(.debug_typenames)

.debug_varnames
 *(.debug_varnames)
OUTPUT(lpc2104_color_lcd11.elf elf32-littlearm)

.debug_ranges   0x00000000      0x198
 .debug_ranges  0x00000000      0x198 bt.o

Cross Reference Table

Symbol                                            File
_ArrowDown                                        Arrow.o
_ArrowLeft                                        Arrow.o
_ArrowRight                                       Arrow.o
_ArrowUp                                          Arrow.o
____divsi3_change_to_arm                          /cygdrive/c/GNUARM/bin/../lib/gcc/arm-elf/4.1.1/../../../../arm-elf/lib/interwork/libc.a(impure.o)
____divsi3_from_thumb                             /cygdrive/c/GNUARM/bin/../lib/gcc/arm-elf/4.1.1/../../../../arm-elf/lib/interwork/libc.a(impure.o)
____modsi3_change_to_arm                          /cygdrive/c/GNUARM/bin/../lib/gcc/arm-elf/4.1.1/../../../../arm-elf/lib/interwork/libc.a(impure.o)
____modsi3_from_thumb                             /cygdrive/c/GNUARM/bin/../lib/gcc/arm-elf/4.1.1/../../../../arm-elf/lib/interwork/libc.a(impure.o)
____udivsi3_change_to_arm                         /cygdrive/c/GNUARM/bin/../lib/gcc/arm-elf/4.1.1/../../../../arm-elf/lib/interwork/libc.a(impure.o)
____udivsi3_from_thumb                            /cygdrive/c/GNUARM/bin/../lib/gcc/arm-elf/4.1.1/../../../../arm-elf/lib/interwork/libc.a(impure.o)
____umodsi3_change_to_arm                         /cygdrive/c/GNUARM/bin/../lib/gcc/arm-elf/4.1.1/../../../../arm-elf/lib/interwork/libc.a(impure.o)
____umodsi3_from_thumb                            /cygdrive/c/GNUARM/bin/../lib/gcc/arm-elf/4.1.1/../../../../arm-elf/lib/interwork/libc.a(impure.o)
__aeabi_idiv                                      /cygdrive/c/GNUARM/bin/../lib/gcc/arm-elf/4.1.1/interwork/libgcc.a(_divsi3.o)
__aeabi_idiv0                                     /cygdrive/c/GNUARM/bin/../lib/gcc/arm-elf/4.1.1/interwork/libgcc.a(_dvmd_tls.o)
__aeabi_idivmod                                   /cygdrive/c/GNUARM/bin/../lib/gcc/arm-elf/4.1.1/interwork/libgcc.a(_divsi3.o)
__aeabi_ldiv0                                     /cygdrive/c/GNUARM/bin/../lib/gcc/arm-elf/4.1.1/interwork/libgcc.a(_dvmd_tls.o)
__aeabi_uidiv                                     /cygdrive/c/GNUARM/bin/../lib/gcc/arm-elf/4.1.1/interwork/libgcc.a(_udivsi3.o)
__aeabi_uidivmod                                  /cygdrive/c/GNUARM/bin/../lib/gcc/arm-elf/4.1.1/interwork/libgcc.a(_udivsi3.o)
__bss_end__                                       startup/libea_startup_thumb.a(startup.o)
__bss_start__                                     startup/libea_startup_thumb.a(startup.o)
__consolGetChar_change_to_arm                     /cygdrive/c/GNUARM/bin/../lib/gcc/arm-elf/4.1.1/../../../../arm-elf/lib/interwork/libc.a(impure.o)
__consolGetChar_from_thumb                        /cygdrive/c/GNUARM/bin/../lib/gcc/arm-elf/4.1.1/../../../../arm-elf/lib/interwork/libc.a(impure.o)
__ctxSwitchIsr_oshal_change_to_arm                /cygdrive/c/GNUARM/bin/../lib/gcc/arm-elf/4.1.1/../../../../arm-elf/lib/interwork/libc.a(impure.o)
__ctxSwitchIsr_oshal_from_thumb                   /cygdrive/c/GNUARM/bin/../lib/gcc/arm-elf/4.1.1/../../../../arm-elf/lib/interwork/libc.a(impure.o)
__ctxSwitch_oshal_change_to_arm                   /cygdrive/c/GNUARM/bin/../lib/gcc/arm-elf/4.1.1/../../../../arm-elf/lib/interwork/libc.a(impure.o)
__ctxSwitch_oshal_from_thumb                      /cygdrive/c/GNUARM/bin/../lib/gcc/arm-elf/4.1.1/../../../../arm-elf/lib/interwork/libc.a(impure.o)
__ctype_ptr                                       /cygdrive/c/GNUARM/bin/../lib/gcc/arm-elf/4.1.1/../../../../arm-elf/lib/interwork/libc.a(ctype_.o)
                                                  /cygdrive/c/GNUARM/bin/../lib/gcc/arm-elf/4.1.1/../../../../arm-elf/lib/interwork/libc.a(strtol.o)
__disIrq_change_to_arm                            /cygdrive/c/GNUARM/bin/../lib/gcc/arm-elf/4.1.1/../../../../arm-elf/lib/interwork/libc.a(impure.o)
__disIrq_from_thumb                               /cygdrive/c/GNUARM/bin/../lib/gcc/arm-elf/4.1.1/../../../../arm-elf/lib/interwork/libc.a(impure.o)
__div0                                            /cygdrive/c/GNUARM/bin/../lib/gcc/arm-elf/4.1.1/interwork/libgcc.a(_dvmd_tls.o)
                                                  /cygdrive/c/GNUARM/bin/../lib/gcc/arm-elf/4.1.1/interwork/libgcc.a(_modsi3.o)
                                                  /cygdrive/c/GNUARM/bin/../lib/gcc/arm-elf/4.1.1/interwork/libgcc.a(_umodsi3.o)
                                                  /cygdrive/c/GNUARM/bin/../lib/gcc/arm-elf/4.1.1/interwork/libgcc.a(_divsi3.o)
                                                  /cygdrive/c/GNUARM/bin/../lib/gcc/arm-elf/4.1.1/interwork/libgcc.a(_udivsi3.o)
__divsi3                                          /cygdrive/c/GNUARM/bin/../lib/gcc/arm-elf/4.1.1/interwork/libgcc.a(_divsi3.o)
                                                  pre_emptive_os/pre_emptive_os.a(stack_usage.o)
                                                  snake.o
__eaInit_change_to_arm                            /cygdrive/c/GNUARM/bin/../lib/gcc/arm-elf/4.1.1/../../../../arm-elf/lib/interwork/libc.a(impure.o)
__eaInit_from_thumb                               /cygdrive/c/GNUARM/bin/../lib/gcc/arm-elf/4.1.1/../../../../arm-elf/lib/interwork/libc.a(impure.o)
__halDisableInterrupts_oshal_change_to_arm        /cygdrive/c/GNUARM/bin/../lib/gcc/arm-elf/4.1.1/../../../../arm-elf/lib/interwork/libc.a(impure.o)
__halDisableInterrupts_oshal_from_thumb           /cygdrive/c/GNUARM/bin/../lib/gcc/arm-elf/4.1.1/../../../../arm-elf/lib/interwork/libc.a(impure.o)
__halRestoreInterrupts_oshal_change_to_arm        /cygdrive/c/GNUARM/bin/../lib/gcc/arm-elf/4.1.1/../../../../arm-elf/lib/interwork/libc.a(impure.o)
__halRestoreInterrupts_oshal_from_thumb           /cygdrive/c/GNUARM/bin/../lib/gcc/arm-elf/4.1.1/../../../../arm-elf/lib/interwork/libc.a(impure.o)
__initTimer_oshal_change_to_arm                   /cygdrive/c/GNUARM/bin/../lib/gcc/arm-elf/4.1.1/../../../../arm-elf/lib/interwork/libc.a(impure.o)
__initTimer_oshal_from_thumb                      /cygdrive/c/GNUARM/bin/../lib/gcc/arm-elf/4.1.1/../../../../arm-elf/lib/interwork/libc.a(impure.o)
__memcmp_change_to_arm                            /cygdrive/c/GNUARM/bin/../lib/gcc/arm-elf/4.1.1/../../../../arm-elf/lib/interwork/libc.a(impure.o)
__memcmp_from_thumb                               /cygdrive/c/GNUARM/bin/../lib/gcc/arm-elf/4.1.1/../../../../arm-elf/lib/interwork/libc.a(impure.o)
__memcpy_change_to_arm                            /cygdrive/c/GNUARM/bin/../lib/gcc/arm-elf/4.1.1/../../../../arm-elf/lib/interwork/libc.a(impure.o)
__memcpy_from_thumb                               /cygdrive/c/GNUARM/bin/../lib/gcc/arm-elf/4.1.1/../../../../arm-elf/lib/interwork/libc.a(impure.o)
__modsi3                                          /cygdrive/c/GNUARM/bin/../lib/gcc/arm-elf/4.1.1/interwork/libgcc.a(_modsi3.o)
                                                  snake.o
__osISRExit_from_arm                              /cygdrive/c/GNUARM/bin/../lib/gcc/arm-elf/4.1.1/../../../../arm-elf/lib/interwork/libc.a(impure.o)
__osSemGive_from_arm                              /cygdrive/c/GNUARM/bin/../lib/gcc/arm-elf/4.1.1/../../../../arm-elf/lib/interwork/libc.a(impure.o)
__osTick_from_arm                                 /cygdrive/c/GNUARM/bin/../lib/gcc/arm-elf/4.1.1/../../../../arm-elf/lib/interwork/libc.a(impure.o)
__rand_change_to_arm                              /cygdrive/c/GNUARM/bin/../lib/gcc/arm-elf/4.1.1/../../../../arm-elf/lib/interwork/libc.a(impure.o)
__rand_from_thumb                                 /cygdrive/c/GNUARM/bin/../lib/gcc/arm-elf/4.1.1/../../../../arm-elf/lib/interwork/libc.a(impure.o)
__restoreIrq_change_to_arm                        /cygdrive/c/GNUARM/bin/../lib/gcc/arm-elf/4.1.1/../../../../arm-elf/lib/interwork/libc.a(impure.o)
__restoreIrq_from_thumb                           /cygdrive/c/GNUARM/bin/../lib/gcc/arm-elf/4.1.1/../../../../arm-elf/lib/interwork/libc.a(impure.o)
__simplePrintf_change_to_arm                      /cygdrive/c/GNUARM/bin/../lib/gcc/arm-elf/4.1.1/../../../../arm-elf/lib/interwork/libc.a(impure.o)
__simplePrintf_from_thumb                         /cygdrive/c/GNUARM/bin/../lib/gcc/arm-elf/4.1.1/../../../../arm-elf/lib/interwork/libc.a(impure.o)
__srand_change_to_arm                             /cygdrive/c/GNUARM/bin/../lib/gcc/arm-elf/4.1.1/../../../../arm-elf/lib/interwork/libc.a(impure.o)
__srand_from_thumb                                /cygdrive/c/GNUARM/bin/../lib/gcc/arm-elf/4.1.1/../../../../arm-elf/lib/interwork/libc.a(impure.o)
__startHighProc_oshal_change_to_arm               /cygdrive/c/GNUARM/bin/../lib/gcc/arm-elf/4.1.1/../../../../arm-elf/lib/interwork/libc.a(impure.o)
__startHighProc_oshal_from_thumb                  /cygdrive/c/GNUARM/bin/../lib/gcc/arm-elf/4.1.1/../../../../arm-elf/lib/interwork/libc.a(impure.o)
__stkFrameInit_oshal_change_to_arm                /cygdrive/c/GNUARM/bin/../lib/gcc/arm-elf/4.1.1/../../../../arm-elf/lib/interwork/libc.a(impure.o)
__stkFrameInit_oshal_from_thumb                   /cygdrive/c/GNUARM/bin/../lib/gcc/arm-elf/4.1.1/../../../../arm-elf/lib/interwork/libc.a(impure.o)
__strchr_change_to_arm                            /cygdrive/c/GNUARM/bin/../lib/gcc/arm-elf/4.1.1/../../../../arm-elf/lib/interwork/libc.a(impure.o)
__strchr_from_thumb                               /cygdrive/c/GNUARM/bin/../lib/gcc/arm-elf/4.1.1/../../../../arm-elf/lib/interwork/libc.a(impure.o)
__udivsi3                                         /cygdrive/c/GNUARM/bin/../lib/gcc/arm-elf/4.1.1/interwork/libgcc.a(_udivsi3.o)
                                                  /cygdrive/c/GNUARM/bin/../lib/gcc/arm-elf/4.1.1/../../../../arm-elf/lib/interwork/libc.a(strtol.o)
                                                  pre_emptive_os/pre_emptive_os.a(stack_usage.o)
                                                  startup/libea_startup_thumb.a(consol.o)
                                                  bt.o
__umodsi3                                         /cygdrive/c/GNUARM/bin/../lib/gcc/arm-elf/4.1.1/interwork/libgcc.a(_umodsi3.o)
                                                  /cygdrive/c/GNUARM/bin/../lib/gcc/arm-elf/4.1.1/../../../../arm-elf/lib/interwork/libc.a(strtol.o)
                                                  startup/libea_startup_thumb.a(consol.o)
                                                  bt.o
                                                  main.o
_atoi_r                                           /cygdrive/c/GNUARM/bin/../lib/gcc/arm-elf/4.1.1/../../../../arm-elf/lib/interwork/libc.a(atoi.o)
_call_via_fp                                      /cygdrive/c/GNUARM/bin/../lib/gcc/arm-elf/4.1.1/interwork/libgcc.a(_call_via_rX.o)
[...]
                                                  main.o
getHighPrioQueue                                  pre_emptive_os/pre_emptive_os.a(prioqueue.o)
                                                  pre_emptive_os/pre_emptive_os.a(event.o)
                                                  pre_emptive_os/pre_emptive_os.a(kernel.o)
getI2cLock                                        i2c.o
                                                  eeprom.o
getKeys                                           hw.o
                                                  key.o
getLeftArrow                                      Arrow.o
                                                  Reflexes.o
getRightArrow                                     Arrow.o
                                                  Reflexes.o
                                                  main.o
getUpArrow                                        Arrow.o
                                                  Reflexes.o
                                                  main.o
halDisableInterrupts_oshal                        pre_emptive_os/pre_emptive_os.a(a7hal.o)
                                                  pre_emptive_os/pre_emptive_os.a(timer.o)
                                                  pre_emptive_os/pre_emptive_os.a(count_sem.o)
                                                  pre_emptive_os/pre_emptive_os.a(kernel.o)
halEnableInterrupts_oshal                         pre_emptive_os/pre_emptive_os.a(a7hal.o)
halRestoreInterrupts_oshal                        pre_emptive_os/pre_emptive_os.a(a7hal.o)
                                                  pre_emptive_os/pre_emptive_os.a(timer.o)
                                                  pre_emptive_os/pre_emptive_os.a(count_sem.o)
                                                  pre_emptive_os/pre_emptive_os.a(kernel.o)
handleBt                                          bt.o
handleIRQs_oshal                                  pre_emptive_os/pre_emptive_os.a(a7hal.o)
                                                  pre_emptive_os/pre_emptive_os.a(a7hal_a.o)
i2cCheckStatus                                    i2c.o
                                                  eeprom.o
i2cGetChar                                        i2c.o
                                                  eeprom.o
i2cInit                                           i2c.o
                                                  hw.o
i2cMyWrite                                        i2c.o
i2cPutChar                                        i2c.o
                                                  eeprom.o
i2cRead                                           i2c.o
i2cRepeatStart                                    i2c.o
                                                  eeprom.o
i2cStart                                          i2c.o
                                                  eeprom.o
i2cStop                                           i2c.o
                                                  eeprom.o
i2cWaitTransmit                                   i2c.o
i2cWrite                                          i2c.o
i2cWriteWithWait                                  i2c.o
                                                  eeprom.o
immediateIoInit                                   hw.o
                                                  main.o
initApp                                           Reflexes.o
                                                  main.o
initBtProc                                        bt.o
                                                  main.o
initPrioQueue                                     pre_emptive_os/pre_emptive_os.a(prioqueue.o)
                                                  pre_emptive_os/pre_emptive_os.a(event.o)
                                                  pre_emptive_os/pre_emptive_os.a(kernel.o)
initSpiForLcd                                     hw.o
                                                  lcd.o
initTimer_oshal                                   pre_emptive_os/pre_emptive_os.a(a7hal.o)
                                                  pre_emptive_os/pre_emptive_os.a(kernel.o)
initUart1                                         uart.o
                                                  bt.o
isEmptyPrioQueue                                  pre_emptive_os/pre_emptive_os.a(prioqueue.o)
                                                  pre_emptive_os/pre_emptive_os.a(event.o)
isrNesting                                        pre_emptive_os/pre_emptive_os.a(kernel.o)
                                                  pre_emptive_os/pre_emptive_os.a(event.o)
                                                  pre_emptive_os/pre_emptive_os.a(a7hal_a.o)
                                                  pre_emptive_os/pre_emptive_os.a(count_sem.o)
lcdClrscr                                         lcd.o
                                                  Reflexes.o
                                                  snake.o
                                                  bt.o
                                                  main.o
lcdColor                                          lcd.o
                                                  Reflexes.o
                                                  snake.o
                                                  bt.o
                                                  select.o
                                                  main.o
lcdContrast                                       lcd.o
                                                  main.o
lcdData                                           lcd.o
lcdGotoxy                                         lcd.o
                                                  Reflexes.o
                                                  snake.o
                                                  bt.o
                                                  select.o
                                                  main.o
lcdIcon                                           lcd.o
                                                  Arrow.o
lcdInit                                           lcd.o
                                                  main.o
lcdOff                                            lcd.o
lcdPutchar                                        lcd.o
                                                  bt.o
lcdPuts                                           lcd.o
                                                  Reflexes.o
                                                  snake.o
                                                  bt.o
                                                  select.o
                                                  main.o
lcdRect                                           lcd.o
                                                  Reflexes.o
                                                  snake.o
                                                  bt.o
                                                  select.o
                                                  main.o
lcdRectBrd                                        lcd.o
lcdWindow                                         lcd.o
lcdWrcmd                                          lcd.o
lcdWrdata                                         lcd.o
lm75Read                                          eeprom.o
lowLevelInit                                      startup/libea_startup_thumb.a(framework.o)
                                                  startup/libea_startup_thumb.a(startup.o)
main                                              main.o
                                                  startup/libea_startup_thumb.a(startup.o)
memcmp                                            /cygdrive/c/GNUARM/bin/../lib/gcc/arm-elf/4.1.1/../../../../arm-elf/lib/interwork/libc.a(memcmp.o)
                                                  bt.o
memcpy                                            /cygdrive/c/GNUARM/bin/../lib/gcc/arm-elf/4.1.1/../../../../arm-elf/lib/interwork/libc.a(memcpy.o)
                                                  startup/libea_startup_thumb.a(consol.o)
                                                  hw.o
                                                  bt.o
ms                                                snake.o
                                                  bt.o
                                                  main.o
osCreateProcess                                   pre_emptive_os/pre_emptive_os.a(kernel.o)
                                                  pre_emptive_os/pre_emptive_os.a(timer.o)
                                                  bt.o
                                                  main.o
osCreateTimer                                     pre_emptive_os/pre_emptive_os.a(timer.o)
osDeleteProcess                                   pre_emptive_os/pre_emptive_os.a(kernel.o)
                                                  main.o
osDeleteTimer                                     pre_emptive_os/pre_emptive_os.a(timer.o)
osGetHighPrioProc                                 pre_emptive_os/pre_emptive_os.a(kernel.o)
osISREnter                                        pre_emptive_os/pre_emptive_os.a(kernel.o)
osISRExit                                         pre_emptive_os/pre_emptive_os.a(kernel.o)
                                                  pre_emptive_os/pre_emptive_os.a(a7hal_a.o)
osInit                                            pre_emptive_os/pre_emptive_os.a(kernel.o)
                                                  main.o
osInitTimers                                      pre_emptive_os/pre_emptive_os.a(timer.o)
osLockNesting                                     pre_emptive_os/pre_emptive_os.a(kernel.o)
osPid                                             pre_emptive_os/pre_emptive_os.a(kernel.o)
osResume                                          pre_emptive_os/pre_emptive_os.a(kernel.o)
osSemGive                                         pre_emptive_os/pre_emptive_os.a(count_sem.o)
                                                  pre_emptive_os/pre_emptive_os.a(timer.o)
                                                  irq_code/irqUart.a(irqUart.o)
                                                  i2c.o
                                                  bt.o
osSemInit                                         pre_emptive_os/pre_emptive_os.a(count_sem.o)
                                                  pre_emptive_os/pre_emptive_os.a(timer.o)
                                                  i2c.o
                                                  bt.o
                                                  uart.o
osSemTake                                         pre_emptive_os/pre_emptive_os.a(count_sem.o)
                                                  pre_emptive_os/pre_emptive_os.a(timer.o)
                                                  i2c.o
                                                  bt.o
                                                  uart.o
osSemTryTake                                      pre_emptive_os/pre_emptive_os.a(count_sem.o)
osSleep                                           pre_emptive_os/pre_emptive_os.a(kernel.o)
                                                  hw.o
                                                  snake.o
                                                  bt.o
                                                  select.o
                                                  lcd.o
                                                  main.o
osStackUsage                                      pre_emptive_os/pre_emptive_os.a(stack_usage.o)
osStart                                           pre_emptive_os/pre_emptive_os.a(kernel.o)
                                                  main.o
osStartProcess                                    pre_emptive_os/pre_emptive_os.a(kernel.o)
                                                  pre_emptive_os/pre_emptive_os.a(timer.o)
                                                  bt.o
                                                  main.o
osSuspend                                         pre_emptive_os/pre_emptive_os.a(kernel.o)
osTick                                            pre_emptive_os/pre_emptive_os.a(kernel.o)
                                                  pre_emptive_os/pre_emptive_os.a(a7hal.o)
pHeapEnd                                          startup/libea_startup_thumb.a(framework.o)
pHeapStart                                        startup/libea_startup_thumb.a(framework.o)
pNxtToRun                                         pre_emptive_os/pre_emptive_os.a(kernel.o)
                                                  pre_emptive_os/pre_emptive_os.a(a7hal_a.o)
pRunProc                                          pre_emptive_os/pre_emptive_os.a(kernel.o)
                                                  pre_emptive_os/pre_emptive_os.a(event.o)
                                                  pre_emptive_os/pre_emptive_os.a(a7hal_a.o)
pca9532                                           eeprom.o
                                                  hw.o
playSnake                                         snake.o
                                                  main.o
processControlBlocks                              pre_emptive_os/pre_emptive_os.a(event.o)
                                                  pre_emptive_os/pre_emptive_os.a(stack_usage.o)
                                                  pre_emptive_os/pre_emptive_os.a(kernel.o)
rand                                              /cygdrive/c/GNUARM/bin/../lib/gcc/arm-elf/4.1.1/../../../../arm-elf/lib/interwork/libc.a(rand.o)
                                                  snake.o
receiveSem                                        irq_code/irqUart.a(irqUart.o)
                                                  uart.o
releaseI2cLock                                    i2c.o
                                                  eeprom.o
resetBT                                           hw.o
                                                  bt.o
resetLCD                                          hw.o
                                                  main.o
restoreIrq                                        irq_code/irqUart.a(irqUart.o)
                                                  uart.o
rmvFromPrioQueue                                  pre_emptive_os/pre_emptive_os.a(prioqueue.o)
                                                  pre_emptive_os/pre_emptive_os.a(event.o)
                                                  pre_emptive_os/pre_emptive_os.a(kernel.o)
rmvFromRdyList                                    pre_emptive_os/pre_emptive_os.a(kernel.o)
                                                  pre_emptive_os/pre_emptive_os.a(event.o)
rmvFromTimeList                                   pre_emptive_os/pre_emptive_os.a(kernel.o)
                                                  pre_emptive_os/pre_emptive_os.a(event.o)
sampleKey                                         key.o
                                                  main.o
schedule                                          pre_emptive_os/pre_emptive_os.a(kernel.o)
                                                  pre_emptive_os/pre_emptive_os.a(event.o)
                                                  pre_emptive_os/pre_emptive_os.a(count_sem.o)
selectLCD                                         hw.o
                                                  lcd.o
sendToLCD                                         hw.o
                                                  lcd.o
setBuzzer                                         hw.o
                                                  main.o
setLED                                            hw.o
                                                  main.o
simplePrintf                                      startup/libea_startup_thumb.a(consol.o)
                                                  bt.o
                                                  main.o
snake                                             snake.o
srand                                             /cygdrive/c/GNUARM/bin/../lib/gcc/arm-elf/4.1.1/../../../../arm-elf/lib/interwork/libc.a(rand.o)
                                                  snake.o
startHighProc_oshal                               pre_emptive_os/pre_emptive_os.a(a7hal_a.o)
                                                  pre_emptive_os/pre_emptive_os.a(kernel.o)
stkFrameInit_oshal                                pre_emptive_os/pre_emptive_os.a(a7hal.o)
                                                  pre_emptive_os/pre_emptive_os.a(kernel.o)
strchr                                            /cygdrive/c/GNUARM/bin/../lib/gcc/arm-elf/4.1.1/../../../../arm-elf/lib/interwork/libc.a(strchr.o)
                                                  bt.o
strlen                                            /cygdrive/c/GNUARM/bin/../lib/gcc/arm-elf/4.1.1/../../../../arm-elf/lib/interwork/libc.a(strlen.o)
                                                  startup/libea_startup_thumb.a(consol.o)
strtol                                            /cygdrive/c/GNUARM/bin/../lib/gcc/arm-elf/4.1.1/../../../../arm-elf/lib/interwork/libc.a(strtol.o)
                                                  /cygdrive/c/GNUARM/bin/../lib/gcc/arm-elf/4.1.1/../../../../arm-elf/lib/interwork/libc.a(atoi.o)
timerIsr_oshal                                    pre_emptive_os/pre_emptive_os.a(a7hal.o)
timerTick                                         pre_emptive_os/pre_emptive_os.a(timer.o)
                                                  pre_emptive_os/pre_emptive_os.a(kernel.o)
uart1GetCh                                        uart.o
uart1GetChSem                                     uart.o
uart1GetChar                                      uart.o
                                                  bt.o
uart1ISR                                          irq_code/irqUart.a(irqUart.o)
                                                  uart.o
uart1RxBuf                                        irq_code/irqUart.a(irqUart.o)
                                                  uart.o
uart1RxHead                                       uart.o
                                                  irq_code/irqUart.a(irqUart.o)
uart1RxInBuff                                     uart.o
                                                  irq_code/irqUart.a(irqUart.o)
uart1RxTail                                       uart.o
                                                  irq_code/irqUart.a(irqUart.o)
uart1SendCh                                       uart.o
uart1SendChar                                     uart.o
                                                  bt.o
uart1SendChars                                    uart.o
uart1SendString                                   uart.o
                                                  bt.o
uart1TxBuf                                        irq_code/irqUart.a(irqUart.o)
                                                  uart.o
uart1TxHead                                       uart.o
                                                  irq_code/irqUart.a(irqUart.o)
uart1TxRunning                                    uart.o
                                                  irq_code/irqUart.a(irqUart.o)
uart1TxTail                                       uart.o
                                                  irq_code/irqUart.a(irqUart.o)
ver1_0                                            hw.o
                                                  bt.o
                                                  key.o
                                                  lcd.o
                                                  main.o
ver1_1                                            hw.o
                                                  bt.o
                                                  key.o
                                                  lcd.o
                                                  main.o
