Archive member included because of file (symbol)

startup/libea_startup_thumb.a(consol.o)
                              main.o (simplePrintf)
startup/libea_startup_thumb.a(framework.o)
                              main.o (eaInit)
startup/libea_startup_thumb.a(startup.o)
                              (_startup)
/cygdrive/c/GNUARM/bin/../lib/gcc/arm-elf/4.1.1/interwork/libgcc.a(_udivsi3.o)
                              startup/libea_startup_thumb.a(consol.o) (__udivsi3)
/cygdrive/c/GNUARM/bin/../lib/gcc/arm-elf/4.1.1/interwork/libgcc.a(_umodsi3.o)
                              startup/libea_startup_thumb.a(consol.o) (__umodsi3)
/cygdrive/c/GNUARM/bin/../lib/gcc/arm-elf/4.1.1/interwork/libgcc.a(_dvmd_tls.o)
                              /cygdrive/c/GNUARM/bin/../lib/gcc/arm-elf/4.1.1/interwork/libgcc.a(_udivsi3.o) (__div0)
/cygdrive/c/GNUARM/bin/../lib/gcc/arm-elf/4.1.1/../../../../arm-elf/lib/interwork/libc.a(atoi.o)
                              startup/libea_startup_thumb.a(consol.o) (atoi)
/cygdrive/c/GNUARM/bin/../lib/gcc/arm-elf/4.1.1/../../../../arm-elf/lib/interwork/libc.a(memcpy.o)
                              startup/libea_startup_thumb.a(consol.o) (memcpy)
/cygdrive/c/GNUARM/bin/../lib/gcc/arm-elf/4.1.1/../../../../arm-elf/lib/interwork/libc.a(strlen.o)
                              startup/libea_startup_thumb.a(consol.o) (strlen)
/cygdrive/c/GNUARM/bin/../lib/gcc/arm-elf/4.1.1/../../../../arm-elf/lib/interwork/libc.a(strtol.o)
                              /cygdrive/c/GNUARM/bin/../lib/gcc/arm-elf/4.1.1/../../../../arm-elf/lib/interwork/libc.a(atoi.o) (_strtol_r)
/cygdrive/c/GNUARM/bin/../lib/gcc/arm-elf/4.1.1/../../../../arm-elf/lib/interwork/libc.a(ctype_.o)
                              /cygdrive/c/GNUARM/bin/../lib/gcc/arm-elf/4.1.1/../../../../arm-elf/lib/interwork/libc.a(strtol.o) (__ctype_ptr)
/cygdrive/c/GNUARM/bin/../lib/gcc/arm-elf/4.1.1/../../../../arm-elf/lib/interwork/libc.a(impure.o)
                              /cygdrive/c/GNUARM/bin/../lib/gcc/arm-elf/4.1.1/../../../../arm-elf/lib/interwork/libc.a(strtol.o) (_impure_ptr)

Allocating common symbols
Common symbol       size              file

pHeapEnd            0x4               startup/libea_startup_thumb.a(framework.o)
pHeapStart          0x4               startup/libea_startup_thumb.a(framework.o)

Discarded input sections

 .stabstr       0x00000000        0x0 startup/libea_startup_thumb.a(startup.o)

Memory Configuration

Name             Origin             Length             Attributes
FLASH            0x00000000         0x00010000         xr
RAM              0x40000000         0x00004000         rw
*default*        0x00000000         0xffffffff

Linker script and memory map

LOAD main.o
LOAD startup/libea_startup_thumb.a
START GROUP
LOAD /cygdrive/c/GNUARM/bin/../lib/gcc/arm-elf/4.1.1/interwork/libgcc.a
LOAD /cygdrive/c/GNUARM/bin/../lib/gcc/arm-elf/4.1.1/../../../../arm-elf/lib/interwork/libc.a
END GROUP

.text           0x00000000     0x11b8
 *startup.o(.text)
 .text          0x00000000      0x1d8 startup/libea_startup_thumb.a(startup.o)
                0x00000000                _startup
 *(.text)
 .text          0x000001d8      0x170 main.o
                0x000002c4                main
 .text          0x00000348      0x680 startup/libea_startup_thumb.a(consol.o)
                0x00000804                consolGetIntNum
                0x00000440                consolSendCh
                0x0000060c                consolGetString
                0x000004b0                consolSendNumber
                0x000005c8                consolGetCh
                0x00000420                consolSendChar
                0x00000684                simplePrintf
                0x00000484                consolSendString
                0x000008e4                consolScanf
                0x000005e8                consolGetChar
                0x000003cc                consolInit
 .text          0x000009c8      0x2bc startup/libea_startup_thumb.a(framework.o)
                0x00000af0                eaInit
                0x00000a40                lowLevelInit
                0x000009c8                exceptionHandlerInit
 .text          0x00000c84      0x114 /cygdrive/c/GNUARM/bin/../lib/gcc/arm-elf/4.1.1/interwork/libgcc.a(_udivsi3.o)
                0x00000c84                __udivsi3
                0x00000c84                __aeabi_uidiv
                0x00000d80                __aeabi_uidivmod
 .text          0x00000d98       0xd0 /cygdrive/c/GNUARM/bin/../lib/gcc/arm-elf/4.1.1/interwork/libgcc.a(_umodsi3.o)
                0x00000d98                __umodsi3
 .text          0x00000e68        0x4 /cygdrive/c/GNUARM/bin/../lib/gcc/arm-elf/4.1.1/interwork/libgcc.a(_dvmd_tls.o)
                0x00000e68                __aeabi_ldiv0
                0x00000e68                __div0
                0x00000e68                __aeabi_idiv0
 .text          0x00000e6c       0x30 /cygdrive/c/GNUARM/bin/../lib/gcc/arm-elf/4.1.1/../../../../arm-elf/lib/interwork/libc.a(atoi.o)
                0x00000e6c                _atoi_r
                0x00000e84                atoi
 .text          0x00000e9c       0x9c /cygdrive/c/GNUARM/bin/../lib/gcc/arm-elf/4.1.1/../../../../arm-elf/lib/interwork/libc.a(memcpy.o)
                0x00000e9c                memcpy
 .text          0x00000f38       0x90 /cygdrive/c/GNUARM/bin/../lib/gcc/arm-elf/4.1.1/../../../../arm-elf/lib/interwork/libc.a(strlen.o)
                0x00000f38                strlen
 .text          0x00000fc8      0x1f0 /cygdrive/c/GNUARM/bin/../lib/gcc/arm-elf/4.1.1/../../../../arm-elf/lib/interwork/libc.a(strtol.o)
                0x0000118c                strtol
                0x00000fc8                _strtol_r
 .text          0x000011b8        0x0 /cygdrive/c/GNUARM/bin/../lib/gcc/arm-elf/4.1.1/../../../../arm-elf/lib/interwork/libc.a(ctype_.o)
 .text          0x000011b8        0x0 /cygdrive/c/GNUARM/bin/../lib/gcc/arm-elf/4.1.1/../../../../arm-elf/lib/interwork/libc.a(impure.o)
 *(.glue_7)
 .glue_7        0x000011b8        0x0 main.o
 .glue_7        0x000011b8        0x0 startup/libea_startup_thumb.a(consol.o)
 .glue_7        0x000011b8        0x0 startup/libea_startup_thumb.a(framework.o)
 .glue_7        0x000011b8        0x0 startup/libea_startup_thumb.a(startup.o)
 .glue_7        0x000011b8        0x0 /cygdrive/c/GNUARM/bin/../lib/gcc/arm-elf/4.1.1/interwork/libgcc.a(_udivsi3.o)
 .glue_7        0x000011b8        0x0 /cygdrive/c/GNUARM/bin/../lib/gcc/arm-elf/4.1.1/interwork/libgcc.a(_umodsi3.o)
 .glue_7        0x000011b8        0x0 /cygdrive/c/GNUARM/bin/../lib/gcc/arm-elf/4.1.1/interwork/libgcc.a(_dvmd_tls.o)
 .glue_7        0x000011b8        0x0 /cygdrive/c/GNUARM/bin/../lib/gcc/arm-elf/4.1.1/../../../../arm-elf/lib/interwork/libc.a(atoi.o)
 .glue_7        0x000011b8        0x0 /cygdrive/c/GNUARM/bin/../lib/gcc/arm-elf/4.1.1/../../../../arm-elf/lib/interwork/libc.a(memcpy.o)
 .glue_7        0x000011b8        0x0 /cygdrive/c/GNUARM/bin/../lib/gcc/arm-elf/4.1.1/../../../../arm-elf/lib/interwork/libc.a(strlen.o)
 .glue_7        0x000011b8        0x0 /cygdrive/c/GNUARM/bin/../lib/gcc/arm-elf/4.1.1/../../../../arm-elf/lib/interwork/libc.a(strtol.o)
 .glue_7        0x000011b8        0x0 /cygdrive/c/GNUARM/bin/../lib/gcc/arm-elf/4.1.1/../../../../arm-elf/lib/interwork/libc.a(ctype_.o)
 .glue_7        0x000011b8        0x0 /cygdrive/c/GNUARM/bin/../lib/gcc/arm-elf/4.1.1/../../../../arm-elf/lib/interwork/libc.a(impure.o)
 *(.glue_7t)
 .glue_7t       0x000011b8        0x0 main.o
 .glue_7t       0x000011b8        0x0 startup/libea_startup_thumb.a(consol.o)
 .glue_7t       0x000011b8        0x0 startup/libea_startup_thumb.a(framework.o)
 .glue_7t       0x000011b8        0x0 startup/libea_startup_thumb.a(startup.o)
 .glue_7t       0x000011b8        0x0 /cygdrive/c/GNUARM/bin/../lib/gcc/arm-elf/4.1.1/interwork/libgcc.a(_udivsi3.o)
 .glue_7t       0x000011b8        0x0 /cygdrive/c/GNUARM/bin/../lib/gcc/arm-elf/4.1.1/interwork/libgcc.a(_umodsi3.o)
 .glue_7t       0x000011b8        0x0 /cygdrive/c/GNUARM/bin/../lib/gcc/arm-elf/4.1.1/interwork/libgcc.a(_dvmd_tls.o)
 .glue_7t       0x000011b8        0x0 /cygdrive/c/GNUARM/bin/../lib/gcc/arm-elf/4.1.1/../../../../arm-elf/lib/interwork/libc.a(atoi.o)
 .glue_7t       0x000011b8        0x0 /cygdrive/c/GNUARM/bin/../lib/gcc/arm-elf/4.1.1/../../../../arm-elf/lib/interwork/libc.a(memcpy.o)
 .glue_7t       0x000011b8        0x0 /cygdrive/c/GNUARM/bin/../lib/gcc/arm-elf/4.1.1/../../../../arm-elf/lib/interwork/libc.a(strlen.o)
 .glue_7t       0x000011b8        0x0 /cygdrive/c/GNUARM/bin/../lib/gcc/arm-elf/4.1.1/../../../../arm-elf/lib/interwork/libc.a(strtol.o)
 .glue_7t       0x000011b8        0x0 /cygdrive/c/GNUARM/bin/../lib/gcc/arm-elf/4.1.1/../../../../arm-elf/lib/interwork/libc.a(ctype_.o)
 .glue_7t       0x000011b8        0x0 /cygdrive/c/GNUARM/bin/../lib/gcc/arm-elf/4.1.1/../../../../arm-elf/lib/interwork/libc.a(impure.o)
                0x000011b8                . = ALIGN (0x4)

.rodata         0x000011b8      0x214
 *(.rodata)
 .rodata        0x000011b8       0x10 startup/libea_startup_thumb.a(consol.o)
 .rodata        0x000011c8      0x101 /cygdrive/c/GNUARM/bin/../lib/gcc/arm-elf/4.1.1/../../../../arm-elf/lib/interwork/libc.a(ctype_.o)
                0x000011c8                _ctype_
 *fill*         0x000012c9        0x3 00
 .rodata        0x000012cc        0x4 /cygdrive/c/GNUARM/bin/../lib/gcc/arm-elf/4.1.1/../../../../arm-elf/lib/interwork/libc.a(impure.o)
                0x000012cc                _global_impure_ptr
 *(.rodata*)
 .rodata.str1.4
                0x000012d0        0x6 main.o
                                  0x8 (size before relaxing)
 *fill*         0x000012d6        0x2 00
 .rodata.str1.4
                0x000012d8       0x18 startup/libea_startup_thumb.a(consol.o)
 .rodata.str1.4
                0x000012f0       0xd8 startup/libea_startup_thumb.a(framework.o)
 .rodata.str1.4
                0x000013c8        0x4 /cygdrive/c/GNUARM/bin/../lib/gcc/arm-elf/4.1.1/../../../../arm-elf/lib/interwork/libc.a(impure.o)
                0x000013cc                . = ALIGN (0x4)
                0x000013cc                _etext = .
                0x000013cc                PROVIDE (etext, .)

.data           0x40000080      0x408 load address 0x000013cc
                0x40000080                _data = .
 *(.data)
 .data          0x40000080        0x0 main.o
 .data          0x40000080        0x0 startup/libea_startup_thumb.a(consol.o)
 .data          0x40000080        0x0 startup/libea_startup_thumb.a(framework.o)
 .data          0x40000080        0x0 startup/libea_startup_thumb.a(startup.o)
 .data          0x40000080        0x0 /cygdrive/c/GNUARM/bin/../lib/gcc/arm-elf/4.1.1/interwork/libgcc.a(_udivsi3.o)
 .data          0x40000080        0x0 /cygdrive/c/GNUARM/bin/../lib/gcc/arm-elf/4.1.1/interwork/libgcc.a(_umodsi3.o)
 .data          0x40000080        0x0 /cygdrive/c/GNUARM/bin/../lib/gcc/arm-elf/4.1.1/interwork/libgcc.a(_dvmd_tls.o)
 .data          0x40000080        0x0 /cygdrive/c/GNUARM/bin/../lib/gcc/arm-elf/4.1.1/../../../../arm-elf/lib/interwork/libc.a(atoi.o)
 .data          0x40000080        0x0 /cygdrive/c/GNUARM/bin/../lib/gcc/arm-elf/4.1.1/../../../../arm-elf/lib/interwork/libc.a(memcpy.o)
 .data          0x40000080        0x0 /cygdrive/c/GNUARM/bin/../lib/gcc/arm-elf/4.1.1/../../../../arm-elf/lib/interwork/libc.a(strlen.o)
 .data          0x40000080        0x0 /cygdrive/c/GNUARM/bin/../lib/gcc/arm-elf/4.1.1/../../../../arm-elf/lib/interwork/libc.a(strtol.o)
 .data          0x40000080        0x4 /cygdrive/c/GNUARM/bin/../lib/gcc/arm-elf/4.1.1/../../../../arm-elf/lib/interwork/libc.a(ctype_.o)
                0x40000080                __ctype_ptr
 .data          0x40000084      0x404 /cygdrive/c/GNUARM/bin/../lib/gcc/arm-elf/4.1.1/../../../../arm-elf/lib/interwork/libc.a(impure.o)
                0x40000084                _impure_ptr
                0x40000488                . = ALIGN (0x4)
                0x40000488                _edata = .
                0x40000488                PROVIDE (edata, .)

.bss            0x40000488       0x10
                0x40000488                _bss = .
                0x40000488                __bss_start = .
                0x40000488                __bss_start__ = .
 *(.bss)
 .bss           0x40000488        0x8 main.o
 .bss           0x40000490        0x0 startup/libea_startup_thumb.a(consol.o)
 .bss           0x40000490        0x0 startup/libea_startup_thumb.a(framework.o)
 .bss           0x40000490        0x0 startup/libea_startup_thumb.a(startup.o)
 .bss           0x40000490        0x0 /cygdrive/c/GNUARM/bin/../lib/gcc/arm-elf/4.1.1/interwork/libgcc.a(_udivsi3.o)
 .bss           0x40000490        0x0 /cygdrive/c/GNUARM/bin/../lib/gcc/arm-elf/4.1.1/interwork/libgcc.a(_umodsi3.o)
 .bss           0x40000490        0x0 /cygdrive/c/GNUARM/bin/../lib/gcc/arm-elf/4.1.1/interwork/libgcc.a(_dvmd_tls.o)
 .bss           0x40000490        0x0 /cygdrive/c/GNUARM/bin/../lib/gcc/arm-elf/4.1.1/../../../../arm-elf/lib/interwork/libc.a(atoi.o)
 .bss           0x40000490        0x0 /cygdrive/c/GNUARM/bin/../lib/gcc/arm-elf/4.1.1/../../../../arm-elf/lib/interwork/libc.a(memcpy.o)
 .bss           0x40000490        0x0 /cygdrive/c/GNUARM/bin/../lib/gcc/arm-elf/4.1.1/../../../../arm-elf/lib/interwork/libc.a(strlen.o)
 .bss           0x40000490        0x0 /cygdrive/c/GNUARM/bin/../lib/gcc/arm-elf/4.1.1/../../../../arm-elf/lib/interwork/libc.a(strtol.o)
 .bss           0x40000490        0x0 /cygdrive/c/GNUARM/bin/../lib/gcc/arm-elf/4.1.1/../../../../arm-elf/lib/interwork/libc.a(ctype_.o)
 .bss           0x40000490        0x0 /cygdrive/c/GNUARM/bin/../lib/gcc/arm-elf/4.1.1/../../../../arm-elf/lib/interwork/libc.a(impure.o)
 *(COMMON)
 COMMON         0x40000490        0x8 startup/libea_startup_thumb.a(framework.o)
                0x40000490                pHeapEnd
                0x40000494                pHeapStart
                0x40000498                . = ALIGN (0x4)
                0x40000498                . = ALIGN (0x4)
                0x40000498                __bss_end = .
                0x40000498                __bss_end__ = .
                0x40000498                _end = .
                0x40000498                PROVIDE (end, .)

.stab           0x00000000      0x3c0
 *(.stab)
 .stab          0x00000000      0x3c0 startup/libea_startup_thumb.a(startup.o)

.stabstr        0x00000000       0x59
 *(.stabstr)
 .stabstr       0x00000000       0x59 startup/libea_startup_thumb.a(startup.o)

.stab.excl
 *(.stab.excl)

.stab.exclstr
 *(.stab.exclstr)

.stab.index
 *(.stab.index)

.stab.indexstr
 *(.stab.indexstr)

.comment        0x00000000       0xa2
 *(.comment)
 .comment       0x00000000       0x12 main.o
 .comment       0x00000012       0x12 startup/libea_startup_thumb.a(consol.o)
 .comment       0x00000024       0x12 startup/libea_startup_thumb.a(framework.o)
 .comment       0x00000036       0x12 /cygdrive/c/GNUARM/bin/../lib/gcc/arm-elf/4.1.1/../../../../arm-elf/lib/interwork/libc.a(atoi.o)
 .comment       0x00000048       0x12 /cygdrive/c/GNUARM/bin/../lib/gcc/arm-elf/4.1.1/../../../../arm-elf/lib/interwork/libc.a(memcpy.o)
 .comment       0x0000005a       0x12 /cygdrive/c/GNUARM/bin/../lib/gcc/arm-elf/4.1.1/../../../../arm-elf/lib/interwork/libc.a(strlen.o)
 .comment       0x0000006c       0x12 /cygdrive/c/GNUARM/bin/../lib/gcc/arm-elf/4.1.1/../../../../arm-elf/lib/interwork/libc.a(strtol.o)
 .comment       0x0000007e       0x12 /cygdrive/c/GNUARM/bin/../lib/gcc/arm-elf/4.1.1/../../../../arm-elf/lib/interwork/libc.a(ctype_.o)
 .comment       0x00000090       0x12 /cygdrive/c/GNUARM/bin/../lib/gcc/arm-elf/4.1.1/../../../../arm-elf/lib/interwork/libc.a(impure.o)

.debug
 *(.debug)

.line
 *(.line)

.debug_srcinfo
 *(.debug_srcinfo)

.debug_sfnames
 *(.debug_sfnames)

.debug_aranges  0x00000000      0x140
 *(.debug_aranges)
 .debug_aranges
                0x00000000       0x20 main.o
 .debug_aranges
                0x00000020       0x20 startup/libea_startup_thumb.a(consol.o)
 .debug_aranges
                0x00000040       0x20 startup/libea_startup_thumb.a(framework.o)
 .debug_aranges
                0x00000060       0x20 /cygdrive/c/GNUARM/bin/../lib/gcc/arm-elf/4.1.1/interwork/libgcc.a(_udivsi3.o)
 .debug_aranges
                0x00000080       0x20 /cygdrive/c/GNUARM/bin/../lib/gcc/arm-elf/4.1.1/interwork/libgcc.a(_umodsi3.o)
 .debug_aranges
                0x000000a0       0x20 /cygdrive/c/GNUARM/bin/../lib/gcc/arm-elf/4.1.1/interwork/libgcc.a(_dvmd_tls.o)
 .debug_aranges
                0x000000c0       0x20 /cygdrive/c/GNUARM/bin/../lib/gcc/arm-elf/4.1.1/../../../../arm-elf/lib/interwork/libc.a(atoi.o)
 .debug_aranges
                0x000000e0       0x20 /cygdrive/c/GNUARM/bin/../lib/gcc/arm-elf/4.1.1/../../../../arm-elf/lib/interwork/libc.a(memcpy.o)
 .debug_aranges
                0x00000100       0x20 /cygdrive/c/GNUARM/bin/../lib/gcc/arm-elf/4.1.1/../../../../arm-elf/lib/interwork/libc.a(strlen.o)
 .debug_aranges
                0x00000120       0x20 /cygdrive/c/GNUARM/bin/../lib/gcc/arm-elf/4.1.1/../../../../arm-elf/lib/interwork/libc.a(strtol.o)

.debug_pubnames
                0x00000000      0x24b
 *(.debug_pubnames)
 .debug_pubnames
                0x00000000       0x1b main.o
 .debug_pubnames
                0x0000001b       0xda startup/libea_startup_thumb.a(consol.o)
 .debug_pubnames
                0x000000f5       0x63 startup/libea_startup_thumb.a(framework.o)
 .debug_pubnames
                0x00000158       0x27 /cygdrive/c/GNUARM/bin/../lib/gcc/arm-elf/4.1.1/../../../../arm-elf/lib/interwork/libc.a(atoi.o)
 .debug_pubnames
                0x0000017f       0x1d /cygdrive/c/GNUARM/bin/../lib/gcc/arm-elf/4.1.1/../../../../arm-elf/lib/interwork/libc.a(memcpy.o)
 .debug_pubnames
                0x0000019c       0x1d /cygdrive/c/GNUARM/bin/../lib/gcc/arm-elf/4.1.1/../../../../arm-elf/lib/interwork/libc.a(strlen.o)
 .debug_pubnames
                0x000001b9       0x2b /cygdrive/c/GNUARM/bin/../lib/gcc/arm-elf/4.1.1/../../../../arm-elf/lib/interwork/libc.a(strtol.o)
 .debug_pubnames
                0x000001e4       0x2e /cygdrive/c/GNUARM/bin/../lib/gcc/arm-elf/4.1.1/../../../../arm-elf/lib/interwork/libc.a(ctype_.o)
 .debug_pubnames
                0x00000212       0x39 /cygdrive/c/GNUARM/bin/../lib/gcc/arm-elf/4.1.1/../../../../arm-elf/lib/interwork/libc.a(impure.o)

.debug_info     0x00000000     0x2871
 *(.debug_info .gnu.linkonce.wi.*)
 .debug_info    0x00000000      0x101 main.o
 .debug_info    0x00000101      0x584 startup/libea_startup_thumb.a(consol.o)
 .debug_info    0x00000685      0x1e3 startup/libea_startup_thumb.a(framework.o)
 .debug_info    0x00000868       0x68 /cygdrive/c/GNUARM/bin/../lib/gcc/arm-elf/4.1.1/interwork/libgcc.a(_udivsi3.o)
 .debug_info    0x000008d0       0x68 /cygdrive/c/GNUARM/bin/../lib/gcc/arm-elf/4.1.1/interwork/libgcc.a(_umodsi3.o)
 .debug_info    0x00000938       0x68 /cygdrive/c/GNUARM/bin/../lib/gcc/arm-elf/4.1.1/interwork/libgcc.a(_dvmd_tls.o)
 .debug_info    0x000009a0      0x949 /cygdrive/c/GNUARM/bin/../lib/gcc/arm-elf/4.1.1/../../../../arm-elf/lib/interwork/libc.a(atoi.o)
 .debug_info    0x000012e9      0x10a /cygdrive/c/GNUARM/bin/../lib/gcc/arm-elf/4.1.1/../../../../arm-elf/lib/interwork/libc.a(memcpy.o)
 .debug_info    0x000013f3       0xd4 /cygdrive/c/GNUARM/bin/../lib/gcc/arm-elf/4.1.1/../../../../arm-elf/lib/interwork/libc.a(strlen.o)
 .debug_info    0x000014c7      0xa0f /cygdrive/c/GNUARM/bin/../lib/gcc/arm-elf/4.1.1/../../../../arm-elf/lib/interwork/libc.a(strtol.o)
 .debug_info    0x00001ed6       0x79 /cygdrive/c/GNUARM/bin/../lib/gcc/arm-elf/4.1.1/../../../../arm-elf/lib/interwork/libc.a(ctype_.o)
 .debug_info    0x00001f4f      0x922 /cygdrive/c/GNUARM/bin/../lib/gcc/arm-elf/4.1.1/../../../../arm-elf/lib/interwork/libc.a(impure.o)

.debug_abbrev   0x00000000      0xa61
 *(.debug_abbrev)
 .debug_abbrev  0x00000000       0xb9 main.o
 .debug_abbrev  0x000000b9      0x2a4 startup/libea_startup_thumb.a(consol.o)
 .debug_abbrev  0x0000035d       0xbb startup/libea_startup_thumb.a(framework.o)
 .debug_abbrev  0x00000418       0x14 /cygdrive/c/GNUARM/bin/../lib/gcc/arm-elf/4.1.1/interwork/libgcc.a(_udivsi3.o)
 .debug_abbrev  0x0000042c       0x14 /cygdrive/c/GNUARM/bin/../lib/gcc/arm-elf/4.1.1/interwork/libgcc.a(_umodsi3.o)
 .debug_abbrev  0x00000440       0x14 /cygdrive/c/GNUARM/bin/../lib/gcc/arm-elf/4.1.1/interwork/libgcc.a(_dvmd_tls.o)
 .debug_abbrev  0x00000454      0x176 /cygdrive/c/GNUARM/bin/../lib/gcc/arm-elf/4.1.1/../../../../arm-elf/lib/interwork/libc.a(atoi.o)
 .debug_abbrev  0x000005ca       0xa6 /cygdrive/c/GNUARM/bin/../lib/gcc/arm-elf/4.1.1/../../../../arm-elf/lib/interwork/libc.a(memcpy.o)
 .debug_abbrev  0x00000670       0x8b /cygdrive/c/GNUARM/bin/../lib/gcc/arm-elf/4.1.1/../../../../arm-elf/lib/interwork/libc.a(strlen.o)
 .debug_abbrev  0x000006fb      0x1bd /cygdrive/c/GNUARM/bin/../lib/gcc/arm-elf/4.1.1/../../../../arm-elf/lib/interwork/libc.a(strtol.o)
 .debug_abbrev  0x000008b8       0x52 /cygdrive/c/GNUARM/bin/../lib/gcc/arm-elf/4.1.1/../../../../arm-elf/lib/interwork/libc.a(ctype_.o)
 .debug_abbrev  0x0000090a      0x157 /cygdrive/c/GNUARM/bin/../lib/gcc/arm-elf/4.1.1/../../../../arm-elf/lib/interwork/libc.a(impure.o)

.debug_line     0x00000000      0x91c
 *(.debug_line)
 .debug_line    0x00000000       0x6f main.o
 .debug_line    0x0000006f      0x18a startup/libea_startup_thumb.a(consol.o)
 .debug_line    0x000001f9       0xb3 startup/libea_startup_thumb.a(framework.o)
 .debug_line    0x000002ac       0x84 /cygdrive/c/GNUARM/bin/../lib/gcc/arm-elf/4.1.1/interwork/libgcc.a(_udivsi3.o)
 .debug_line    0x00000330       0x6e /cygdrive/c/GNUARM/bin/../lib/gcc/arm-elf/4.1.1/interwork/libgcc.a(_umodsi3.o)
 .debug_line    0x0000039e       0x5d /cygdrive/c/GNUARM/bin/../lib/gcc/arm-elf/4.1.1/interwork/libgcc.a(_dvmd_tls.o)
 .debug_line    0x000003fb       0xf9 /cygdrive/c/GNUARM/bin/../lib/gcc/arm-elf/4.1.1/../../../../arm-elf/lib/interwork/libc.a(atoi.o)
 .debug_line    0x000004f4       0xc8 /cygdrive/c/GNUARM/bin/../lib/gcc/arm-elf/4.1.1/../../../../arm-elf/lib/interwork/libc.a(memcpy.o)
 .debug_line    0x000005bc       0xaf /cygdrive/c/GNUARM/bin/../lib/gcc/arm-elf/4.1.1/../../../../arm-elf/lib/interwork/libc.a(strlen.o)
 .debug_line    0x0000066b      0x173 /cygdrive/c/GNUARM/bin/../lib/gcc/arm-elf/4.1.1/../../../../arm-elf/lib/interwork/libc.a(strtol.o)
 .debug_line    0x000007de       0x5b /cygdrive/c/GNUARM/bin/../lib/gcc/arm-elf/4.1.1/../../../../arm-elf/lib/interwork/libc.a(ctype_.o)
 .debug_line    0x00000839       0xe3 /cygdrive/c/GNUARM/bin/../lib/gcc/arm-elf/4.1.1/../../../../arm-elf/lib/interwork/libc.a(impure.o)

.debug_frame    0x00000000      0x3e8
 *(.debug_frame)
 .debug_frame   0x00000000       0x90 main.o
 .debug_frame   0x00000090      0x150 startup/libea_startup_thumb.a(consol.o)
 .debug_frame   0x000001e0       0xd8 startup/libea_startup_thumb.a(framework.o)
 .debug_frame   0x000002b8       0x2c /cygdrive/c/GNUARM/bin/../lib/gcc/arm-elf/4.1.1/interwork/libgcc.a(_udivsi3.o)
 .debug_frame   0x000002e4       0x2c /cygdrive/c/GNUARM/bin/../lib/gcc/arm-elf/4.1.1/interwork/libgcc.a(_umodsi3.o)
 .debug_frame   0x00000310       0x40 /cygdrive/c/GNUARM/bin/../lib/gcc/arm-elf/4.1.1/../../../../arm-elf/lib/interwork/libc.a(atoi.o)
 .debug_frame   0x00000350       0x28 /cygdrive/c/GNUARM/bin/../lib/gcc/arm-elf/4.1.1/../../../../arm-elf/lib/interwork/libc.a(memcpy.o)
 .debug_frame   0x00000378       0x20 /cygdrive/c/GNUARM/bin/../lib/gcc/arm-elf/4.1.1/../../../../arm-elf/lib/interwork/libc.a(strlen.o)
 .debug_frame   0x00000398       0x50 /cygdrive/c/GNUARM/bin/../lib/gcc/arm-elf/4.1.1/../../../../arm-elf/lib/interwork/libc.a(strtol.o)

.debug_str      0x00000000      0x9eb
 *(.debug_str)
 .debug_str     0x00000000       0xb4 main.o
 .debug_str     0x000000b4      0x1cc startup/libea_startup_thumb.a(consol.o)
                                0x23e (size before relaxing)
 .debug_str     0x00000280       0xdd startup/libea_startup_thumb.a(framework.o)
                                0x13a (size before relaxing)
 .debug_str     0x0000035d      0x409 /cygdrive/c/GNUARM/bin/../lib/gcc/arm-elf/4.1.1/../../../../arm-elf/lib/interwork/libc.a(atoi.o)
                                0x49e (size before relaxing)
 .debug_str     0x00000766       0xaa /cygdrive/c/GNUARM/bin/../lib/gcc/arm-elf/4.1.1/../../../../arm-elf/lib/interwork/libc.a(memcpy.o)
                                 0xd6 (size before relaxing)
 .debug_str     0x00000810       0x56 /cygdrive/c/GNUARM/bin/../lib/gcc/arm-elf/4.1.1/../../../../arm-elf/lib/interwork/libc.a(strlen.o)
                                0x11f (size before relaxing)
 .debug_str     0x00000866       0x78 /cygdrive/c/GNUARM/bin/../lib/gcc/arm-elf/4.1.1/../../../../arm-elf/lib/interwork/libc.a(strtol.o)
                                0x4e0 (size before relaxing)
 .debug_str     0x000008de       0x7b /cygdrive/c/GNUARM/bin/../lib/gcc/arm-elf/4.1.1/../../../../arm-elf/lib/interwork/libc.a(ctype_.o)
                                 0xaa (size before relaxing)
 .debug_str     0x00000959       0x92 /cygdrive/c/GNUARM/bin/../lib/gcc/arm-elf/4.1.1/../../../../arm-elf/lib/interwork/libc.a(impure.o)
                                0x4bc (size before relaxing)

.debug_loc      0x00000000      0xbff
 *(.debug_loc)
 .debug_loc     0x00000000       0xb9 main.o
 .debug_loc     0x000000b9      0x5ee startup/libea_startup_thumb.a(consol.o)
 .debug_loc     0x000006a7      0x193 startup/libea_startup_thumb.a(framework.o)
 .debug_loc     0x0000083a       0x77 /cygdrive/c/GNUARM/bin/../lib/gcc/arm-elf/4.1.1/../../../../arm-elf/lib/interwork/libc.a(atoi.o)
 .debug_loc     0x000008b1       0xfc /cygdrive/c/GNUARM/bin/../lib/gcc/arm-elf/4.1.1/../../../../arm-elf/lib/interwork/libc.a(memcpy.o)
 .debug_loc     0x000009ad       0x47 /cygdrive/c/GNUARM/bin/../lib/gcc/arm-elf/4.1.1/../../../../arm-elf/lib/interwork/libc.a(strlen.o)
 .debug_loc     0x000009f4      0x20b /cygdrive/c/GNUARM/bin/../lib/gcc/arm-elf/4.1.1/../../../../arm-elf/lib/interwork/libc.a(strtol.o)

.debug_macinfo
 *(.debug_macinfo)

.debug_weaknames
 *(.debug_weaknames)

.debug_funcnames
 *(.debug_funcnames)

.debug_typenames
 *(.debug_typenames)

.debug_varnames
 *(.debug_varnames)
OUTPUT(timer_delay_irq_arm.elf elf32-littlearm)

Cross Reference Table

Symbol                                            File
__aeabi_idiv0                                     /cygdrive/c/GNUARM/bin/../lib/gcc/arm-elf/4.1.1/interwork/libgcc.a(_dvmd_tls.o)
__aeabi_ldiv0                                     /cygdrive/c/GNUARM/bin/../lib/gcc/arm-elf/4.1.1/interwork/libgcc.a(_dvmd_tls.o)
__aeabi_uidiv                                     /cygdrive/c/GNUARM/bin/../lib/gcc/arm-elf/4.1.1/interwork/libgcc.a(_udivsi3.o)
__aeabi_uidivmod                                  /cygdrive/c/GNUARM/bin/../lib/gcc/arm-elf/4.1.1/interwork/libgcc.a(_udivsi3.o)
__bss_end__                                       startup/libea_startup_thumb.a(startup.o)
__bss_start__                                     startup/libea_startup_thumb.a(startup.o)
__ctype_ptr                                       /cygdrive/c/GNUARM/bin/../lib/gcc/arm-elf/4.1.1/../../../../arm-elf/lib/interwork/libc.a(ctype_.o)
                                                  /cygdrive/c/GNUARM/bin/../lib/gcc/arm-elf/4.1.1/../../../../arm-elf/lib/interwork/libc.a(strtol.o)
__div0                                            /cygdrive/c/GNUARM/bin/../lib/gcc/arm-elf/4.1.1/interwork/libgcc.a(_dvmd_tls.o)
                                                  /cygdrive/c/GNUARM/bin/../lib/gcc/arm-elf/4.1.1/interwork/libgcc.a(_umodsi3.o)
                                                  /cygdrive/c/GNUARM/bin/../lib/gcc/arm-elf/4.1.1/interwork/libgcc.a(_udivsi3.o)
__udivsi3                                         /cygdrive/c/GNUARM/bin/../lib/gcc/arm-elf/4.1.1/interwork/libgcc.a(_udivsi3.o)
                                                  /cygdrive/c/GNUARM/bin/../lib/gcc/arm-elf/4.1.1/../../../../arm-elf/lib/interwork/libc.a(strtol.o)
                                                  startup/libea_startup_thumb.a(consol.o)
__umodsi3                                         /cygdrive/c/GNUARM/bin/../lib/gcc/arm-elf/4.1.1/interwork/libgcc.a(_umodsi3.o)
                                                  /cygdrive/c/GNUARM/bin/../lib/gcc/arm-elf/4.1.1/../../../../arm-elf/lib/interwork/libc.a(strtol.o)
                                                  startup/libea_startup_thumb.a(consol.o)
_atoi_r                                           /cygdrive/c/GNUARM/bin/../lib/gcc/arm-elf/4.1.1/../../../../arm-elf/lib/interwork/libc.a(atoi.o)
_ctype_                                           /cygdrive/c/GNUARM/bin/../lib/gcc/arm-elf/4.1.1/../../../../arm-elf/lib/interwork/libc.a(ctype_.o)
_data                                             startup/libea_startup_thumb.a(startup.o)
_edata                                            startup/libea_startup_thumb.a(startup.o)
_etext                                            startup/libea_startup_thumb.a(startup.o)
_global_impure_ptr                                /cygdrive/c/GNUARM/bin/../lib/gcc/arm-elf/4.1.1/../../../../arm-elf/lib/interwork/libc.a(impure.o)
_impure_ptr                                       /cygdrive/c/GNUARM/bin/../lib/gcc/arm-elf/4.1.1/../../../../arm-elf/lib/interwork/libc.a(impure.o)
                                                  /cygdrive/c/GNUARM/bin/../lib/gcc/arm-elf/4.1.1/../../../../arm-elf/lib/interwork/libc.a(strtol.o)
_startup                                          startup/libea_startup_thumb.a(startup.o)
_strtol_r                                         /cygdrive/c/GNUARM/bin/../lib/gcc/arm-elf/4.1.1/../../../../arm-elf/lib/interwork/libc.a(strtol.o)
                                                  /cygdrive/c/GNUARM/bin/../lib/gcc/arm-elf/4.1.1/../../../../arm-elf/lib/interwork/libc.a(atoi.o)
atoi                                              /cygdrive/c/GNUARM/bin/../lib/gcc/arm-elf/4.1.1/../../../../arm-elf/lib/interwork/libc.a(atoi.o)
                                                  startup/libea_startup_thumb.a(consol.o)
consolGetCh                                       startup/libea_startup_thumb.a(consol.o)
consolGetChar                                     startup/libea_startup_thumb.a(consol.o)
consolGetIntNum                                   startup/libea_startup_thumb.a(consol.o)
consolGetString                                   startup/libea_startup_thumb.a(consol.o)
consolInit                                        startup/libea_startup_thumb.a(consol.o)
                                                  startup/libea_startup_thumb.a(framework.o)
consolScanf                                       startup/libea_startup_thumb.a(consol.o)
consolSendCh                                      startup/libea_startup_thumb.a(consol.o)
consolSendChar                                    startup/libea_startup_thumb.a(consol.o)
consolSendNumber                                  startup/libea_startup_thumb.a(consol.o)
                                                  startup/libea_startup_thumb.a(framework.o)
consolSendString                                  startup/libea_startup_thumb.a(consol.o)
                                                  startup/libea_startup_thumb.a(framework.o)
eaInit                                            startup/libea_startup_thumb.a(framework.o)
                                                  main.o
end                                               startup/libea_startup_thumb.a(framework.o)
exceptionHandlerInit                              startup/libea_startup_thumb.a(framework.o)
                                                  startup/libea_startup_thumb.a(startup.o)
lowLevelInit                                      startup/libea_startup_thumb.a(framework.o)
                                                  startup/libea_startup_thumb.a(startup.o)
main                                              main.o
                                                  startup/libea_startup_thumb.a(startup.o)
memcpy                                            /cygdrive/c/GNUARM/bin/../lib/gcc/arm-elf/4.1.1/../../../../arm-elf/lib/interwork/libc.a(memcpy.o)
                                                  startup/libea_startup_thumb.a(consol.o)
pHeapEnd                                          startup/libea_startup_thumb.a(framework.o)
pHeapStart                                        startup/libea_startup_thumb.a(framework.o)
simplePrintf                                      startup/libea_startup_thumb.a(consol.o)
                                                  main.o
strlen                                            /cygdrive/c/GNUARM/bin/../lib/gcc/arm-elf/4.1.1/../../../../arm-elf/lib/interwork/libc.a(strlen.o)
                                                  startup/libea_startup_thumb.a(consol.o)
strtol                                            /cygdrive/c/GNUARM/bin/../lib/gcc/arm-elf/4.1.1/../../../../arm-elf/lib/interwork/libc.a(strtol.o)
                                                  /cygdrive/c/GNUARM/bin/../lib/gcc/arm-elf/4.1.1/../../../../arm-elf/lib/interwork/libc.a(atoi.o)
